Archive member included to satisfy reference by file (symbol)

c:/program files (x86)/gnu arm embedded toolchain/10 2021.07/bin/../lib/gcc/arm-none-eabi/10.3.1/../../../../arm-none-eabi/lib/thumb/v7e-m+dp/hard\libc_nano.a(lib_a-exit.o)
                              c:/program files (x86)/gnu arm embedded toolchain/10 2021.07/bin/../lib/gcc/arm-none-eabi/10.3.1/../../../../arm-none-eabi/lib/thumb/v7e-m+dp/hard/crt0.o (exit)
c:/program files (x86)/gnu arm embedded toolchain/10 2021.07/bin/../lib/gcc/arm-none-eabi/10.3.1/../../../../arm-none-eabi/lib/thumb/v7e-m+dp/hard\libc_nano.a(lib_a-impure.o)
                              c:/program files (x86)/gnu arm embedded toolchain/10 2021.07/bin/../lib/gcc/arm-none-eabi/10.3.1/../../../../arm-none-eabi/lib/thumb/v7e-m+dp/hard\libc_nano.a(lib_a-exit.o) (_global_impure_ptr)
c:/program files (x86)/gnu arm embedded toolchain/10 2021.07/bin/../lib/gcc/arm-none-eabi/10.3.1/../../../../arm-none-eabi/lib/thumb/v7e-m+dp/hard\libc_nano.a(lib_a-init.o)
                              c:/program files (x86)/gnu arm embedded toolchain/10 2021.07/bin/../lib/gcc/arm-none-eabi/10.3.1/../../../../arm-none-eabi/lib/thumb/v7e-m+dp/hard/crt0.o (__libc_init_array)
c:/program files (x86)/gnu arm embedded toolchain/10 2021.07/bin/../lib/gcc/arm-none-eabi/10.3.1/../../../../arm-none-eabi/lib/thumb/v7e-m+dp/hard\libc_nano.a(lib_a-memcpy-stub.o)
                              build/stm32h7xx_hal_fdcan.o (memcpy)
c:/program files (x86)/gnu arm embedded toolchain/10 2021.07/bin/../lib/gcc/arm-none-eabi/10.3.1/../../../../arm-none-eabi/lib/thumb/v7e-m+dp/hard\libc_nano.a(lib_a-memset.o)
                              c:/program files (x86)/gnu arm embedded toolchain/10 2021.07/bin/../lib/gcc/arm-none-eabi/10.3.1/../../../../arm-none-eabi/lib/thumb/v7e-m+dp/hard/crt0.o (memset)
c:/program files (x86)/gnu arm embedded toolchain/10 2021.07/bin/../lib/gcc/arm-none-eabi/10.3.1/../../../../arm-none-eabi/lib/thumb/v7e-m+dp/hard\libc_nano.a(lib_a-sscanf.o)
                              build/CmdSerial.o (sscanf)
c:/program files (x86)/gnu arm embedded toolchain/10 2021.07/bin/../lib/gcc/arm-none-eabi/10.3.1/../../../../arm-none-eabi/lib/thumb/v7e-m+dp/hard\libc_nano.a(lib_a-stdio.o)
                              c:/program files (x86)/gnu arm embedded toolchain/10 2021.07/bin/../lib/gcc/arm-none-eabi/10.3.1/../../../../arm-none-eabi/lib/thumb/v7e-m+dp/hard\libc_nano.a(lib_a-sscanf.o) (__seofread)
c:/program files (x86)/gnu arm embedded toolchain/10 2021.07/bin/../lib/gcc/arm-none-eabi/10.3.1/../../../../arm-none-eabi/lib/thumb/v7e-m+dp/hard\libc_nano.a(lib_a-strlen.o)
                              c:/program files (x86)/gnu arm embedded toolchain/10 2021.07/bin/../lib/gcc/arm-none-eabi/10.3.1/../../../../arm-none-eabi/lib/thumb/v7e-m+dp/hard\libc_nano.a(lib_a-sscanf.o) (strlen)
c:/program files (x86)/gnu arm embedded toolchain/10 2021.07/bin/../lib/gcc/arm-none-eabi/10.3.1/../../../../arm-none-eabi/lib/thumb/v7e-m+dp/hard\libc_nano.a(lib_a-vsprintf.o)
                              build/main.o (vsprintf)
c:/program files (x86)/gnu arm embedded toolchain/10 2021.07/bin/../lib/gcc/arm-none-eabi/10.3.1/../../../../arm-none-eabi/lib/thumb/v7e-m+dp/hard\libc_nano.a(lib_a-writer.o)
                              c:/program files (x86)/gnu arm embedded toolchain/10 2021.07/bin/../lib/gcc/arm-none-eabi/10.3.1/../../../../arm-none-eabi/lib/thumb/v7e-m+dp/hard\libc_nano.a(lib_a-stdio.o) (_write_r)
c:/program files (x86)/gnu arm embedded toolchain/10 2021.07/bin/../lib/gcc/arm-none-eabi/10.3.1/../../../../arm-none-eabi/lib/thumb/v7e-m+dp/hard\libc_nano.a(lib_a-closer.o)
                              c:/program files (x86)/gnu arm embedded toolchain/10 2021.07/bin/../lib/gcc/arm-none-eabi/10.3.1/../../../../arm-none-eabi/lib/thumb/v7e-m+dp/hard\libc_nano.a(lib_a-stdio.o) (_close_r)
c:/program files (x86)/gnu arm embedded toolchain/10 2021.07/bin/../lib/gcc/arm-none-eabi/10.3.1/../../../../arm-none-eabi/lib/thumb/v7e-m+dp/hard\libc_nano.a(lib_a-lseekr.o)
                              c:/program files (x86)/gnu arm embedded toolchain/10 2021.07/bin/../lib/gcc/arm-none-eabi/10.3.1/../../../../arm-none-eabi/lib/thumb/v7e-m+dp/hard\libc_nano.a(lib_a-stdio.o) (_lseek_r)
c:/program files (x86)/gnu arm embedded toolchain/10 2021.07/bin/../lib/gcc/arm-none-eabi/10.3.1/../../../../arm-none-eabi/lib/thumb/v7e-m+dp/hard\libc_nano.a(lib_a-nano-svfprintf.o)
                              c:/program files (x86)/gnu arm embedded toolchain/10 2021.07/bin/../lib/gcc/arm-none-eabi/10.3.1/../../../../arm-none-eabi/lib/thumb/v7e-m+dp/hard\libc_nano.a(lib_a-vsprintf.o) (_svfprintf_r)
c:/program files (x86)/gnu arm embedded toolchain/10 2021.07/bin/../lib/gcc/arm-none-eabi/10.3.1/../../../../arm-none-eabi/lib/thumb/v7e-m+dp/hard\libc_nano.a(lib_a-nano-svfscanf.o)
[...]
Memory Configuration

Name             Origin             Length             Attributes
DTCMRAM          0x20000000         0x00020000         xrw
RAM_D1           0x24000000         0x00080000         xrw
RAM_D2           0x30000000         0x00048000         xrw
RAM_D3           0x38000000         0x00010000         xrw
ITCMRAM          0x00000000         0x00010000         xrw
FLASH            0x08000000         0x00200000         xr
*default*        0x00000000         0xffffffff

Linker script and memory map

LOAD c:/program files (x86)/gnu arm embedded toolchain/10 2021.07/bin/../lib/gcc/arm-none-eabi/10.3.1/thumb/v7e-m+dp/hard/crti.o
LOAD c:/program files (x86)/gnu arm embedded toolchain/10 2021.07/bin/../lib/gcc/arm-none-eabi/10.3.1/thumb/v7e-m+dp/hard/crtbegin.o
LOAD c:/program files (x86)/gnu arm embedded toolchain/10 2021.07/bin/../lib/gcc/arm-none-eabi/10.3.1/../../../../arm-none-eabi/lib/thumb/v7e-m+dp/hard/crt0.o
LOAD build/main.o
LOAD build/gpio.o
LOAD build/freertos.o
LOAD build/fdcan.o
LOAD build/tim.o
LOAD build/usart.o
LOAD build/stm32h7xx_it.o
LOAD build/stm32h7xx_hal_msp.o
LOAD build/stm32h7xx_hal_cortex.o
LOAD build/stm32h7xx_hal_rcc.o
LOAD build/stm32h7xx_hal_rcc_ex.o
LOAD build/stm32h7xx_hal_flash.o
LOAD build/stm32h7xx_hal_flash_ex.o
LOAD build/stm32h7xx_hal_gpio.o
LOAD build/stm32h7xx_hal_hsem.o
LOAD build/stm32h7xx_hal_dma.o
LOAD build/stm32h7xx_hal_dma_ex.o
LOAD build/stm32h7xx_hal_mdma.o
LOAD build/stm32h7xx_hal_pwr.o
LOAD build/stm32h7xx_hal_pwr_ex.o
LOAD build/stm32h7xx_hal.o
LOAD build/stm32h7xx_hal_i2c.o
LOAD build/stm32h7xx_hal_i2c_ex.o
LOAD build/stm32h7xx_hal_exti.o
LOAD build/stm32h7xx_hal_fdcan.o
LOAD build/stm32h7xx_hal_tim.o
LOAD build/stm32h7xx_hal_tim_ex.o
LOAD build/stm32h7xx_hal_uart.o
LOAD build/stm32h7xx_hal_uart_ex.o
LOAD build/system_stm32h7xx.o
LOAD build/croutine.o
LOAD build/event_groups.o
LOAD build/list.o
LOAD build/queue.o
LOAD build/stream_buffer.o
LOAD build/tasks.o
LOAD build/timers.o
LOAD build/cmsis_os2.o
LOAD build/heap_4.o
LOAD build/port.o
LOAD build/bsp_can.o
LOAD build/motor.o
LOAD build/control.o
LOAD build/CmdSerial.o
LOAD build/startup_stm32h743xx.o
LOAD c:/program files (x86)/gnu arm embedded toolchain/10 2021.07/bin/../lib/gcc/arm-none-eabi/10.3.1/../../../../arm-none-eabi/lib/thumb/v7e-m+dp/hard\libc_nano.a
LOAD c:/program files (x86)/gnu arm embedded toolchain/10 2021.07/bin/../lib/gcc/arm-none-eabi/10.3.1/../../../../arm-none-eabi/lib/thumb/v7e-m+dp/hard\libm.a
LOAD c:/program files (x86)/gnu arm embedded toolchain/10 2021.07/bin/../lib/gcc/arm-none-eabi/10.3.1/../../../../arm-none-eabi/lib/thumb/v7e-m+dp/hard\libnosys.a
LOAD Drivers/CMSIS/DSP/Lib/GCC\libarm_cortexM7lfsp_math.a
START GROUP
LOAD c:/program files (x86)/gnu arm embedded toolchain/10 2021.07/bin/../lib/gcc/arm-none-eabi/10.3.1/thumb/v7e-m+dp/hard\libgcc.a
LOAD c:/program files (x86)/gnu arm embedded toolchain/10 2021.07/bin/../lib/gcc/arm-none-eabi/10.3.1/../../../../arm-none-eabi/lib/thumb/v7e-m+dp/hard\libc_nano.a
END GROUP
START GROUP
LOAD c:/program files (x86)/gnu arm embedded toolchain/10 2021.07/bin/../lib/gcc/arm-none-eabi/10.3.1/thumb/v7e-m+dp/hard\libgcc.a
LOAD c:/program files (x86)/gnu arm embedded toolchain/10 2021.07/bin/../lib/gcc/arm-none-eabi/10.3.1/../../../../arm-none-eabi/lib/thumb/v7e-m+dp/hard\libc_nano.a
END GROUP
LOAD c:/program files (x86)/gnu arm embedded toolchain/10 2021.07/bin/../lib/gcc/arm-none-eabi/10.3.1/thumb/v7e-m+dp/hard/crtend.o
LOAD c:/program files (x86)/gnu arm embedded toolchain/10 2021.07/bin/../lib/gcc/arm-none-eabi/10.3.1/thumb/v7e-m+dp/hard/crtn.o
                0x20020000                _estack = 0x20020000
                0x00000400                _Min_Heap_Size = 0x400
                0x00000400                _Min_Stack_Size = 0x400

.isr_vector     0x08000000      0x298
                0x08000000                . = ALIGN (0x4)
 *(.isr_vector)
 .isr_vector    0x08000000      0x298 build/startup_stm32h743xx.o
                0x08000000                g_pfnVectors
                0x08000298                . = ALIGN (0x4)

.text           0x080002a0     0x7a30
                0x080002a0                . = ALIGN (0x4)
 *(.text)
 .text          0x080002a0       0x40 c:/program files (x86)/gnu arm embedded toolchain/10 2021.07/bin/../lib/gcc/arm-none-eabi/10.3.1/thumb/v7e-m+dp/hard/crtbegin.o
 .text          0x080002e0       0xa0 c:/program files (x86)/gnu arm embedded toolchain/10 2021.07/bin/../lib/gcc/arm-none-eabi/10.3.1/../../../../arm-none-eabi/lib/thumb/v7e-m+dp/hard\libc_nano.a(lib_a-memchr.o)
                0x080002e0                memchr
 .text          0x08000380       0x30 c:/program files (x86)/gnu arm embedded toolchain/10 2021.07/bin/../lib/gcc/arm-none-eabi/10.3.1/thumb/v7e-m+dp/hard\libgcc.a(_aeabi_uldivmod.o)
                0x08000380                __aeabi_uldivmod
 .text          0x080003b0      0x2d0 c:/program files (x86)/gnu arm embedded toolchain/10 2021.07/bin/../lib/gcc/arm-none-eabi/10.3.1/thumb/v7e-m+dp/hard\libgcc.a(_udivmoddi4.o)
                0x080003b0                __udivmoddi4
 .text          0x08000680        0x4 c:/program files (x86)/gnu arm embedded toolchain/10 2021.07/bin/../lib/gcc/arm-none-eabi/10.3.1/thumb/v7e-m+dp/hard\libgcc.a(_dvmd_tls.o)
                0x08000680                __aeabi_idiv0
                0x08000680                __aeabi_ldiv0
 *(.text*)
 .text.uart_printf
                0x08000684       0x3c build/main.o
                0x08000684                uart_printf
 .text.HAL_TIM_PeriodElapsedCallback
                0x080006c0       0x5c build/main.o
                0x080006c0                HAL_TIM_PeriodElapsedCallback
 .text.HAL_UART_RxCpltCallback
                0x0800071c        0x2 build/main.o
                0x0800071c                HAL_UART_RxCpltCallback
 .text.Error_Handler
                0x0800071e        0x4 build/main.o
                0x0800071e                Error_Handler
 *fill*         0x08000722        0x2 
 .text.SystemClock_Config
                0x08000724       0xcc build/main.o
                0x08000724                SystemClock_Config
 .text.main     0x080007f0       0xc4 build/main.o
                0x080007f0                main
 .text.MX_GPIO_Init
                0x080008b4       0xb8 build/gpio.o
                0x080008b4                MX_GPIO_Init
 .text.StartDefaultTask
                0x0800096c        0x2 build/freertos.o
                0x0800096c                StartDefaultTask
 .text.StartTaskA
                0x0800096e        0x2 build/freertos.o
                0x0800096e                StartTaskA
 .text.StartTaskB
                0x08000970        0x2 build/freertos.o
                0x08000970                StartTaskB
 .text.StartTaskC
                0x08000972        0x2 build/freertos.o
                0x08000972                StartTaskC
 .text.MX_FREERTOS_Init
                0x08000974       0x6c build/freertos.o
                0x08000974                MX_FREERTOS_Init
 .text.MX_FDCAN1_Init
                0x080009e0       0x64 build/fdcan.o
                0x080009e0                MX_FDCAN1_Init
 .text.MX_FDCAN2_Init
                0x08000a44       0x64 build/fdcan.o
                0x08000a44                MX_FDCAN2_Init
 .text.HAL_FDCAN_MspInit
                0x08000aa8      0x158 build/fdcan.o
                0x08000aa8                HAL_FDCAN_MspInit
 .text.MX_TIM2_Init
                0x08000c00       0x70 build/tim.o
                0x08000c00                MX_TIM2_Init
 .text.MX_TIM3_Init
                0x08000c70       0x70 build/tim.o
                0x08000c70                MX_TIM3_Init
 .text.HAL_TIM_Base_MspInit
                0x08000ce0       0x78 build/tim.o
                0x08000ce0                HAL_TIM_Base_MspInit
 .text.MX_USART1_UART_Init
                0x08000d58       0x68 build/usart.o
                0x08000d58                MX_USART1_UART_Init
 .text.MX_USART6_UART_Init
                0x08000dc0       0x68 build/usart.o
                0x08000dc0                MX_USART6_UART_Init
 .text.HAL_UART_MspInit
                0x08000e28      0x104 build/usart.o
                0x08000e28                HAL_UART_MspInit
 .text.NMI_Handler
                0x08000f2c        0x2 build/stm32h7xx_it.o
                0x08000f2c                NMI_Handler
 .text.HardFault_Handler
                0x08000f2e        0x2 build/stm32h7xx_it.o
                0x08000f2e                HardFault_Handler
 .text.MemManage_Handler
                0x08000f30        0x2 build/stm32h7xx_it.o
                0x08000f30                MemManage_Handler
 .text.BusFault_Handler
                0x08000f32        0x2 build/stm32h7xx_it.o
                0x08000f32                BusFault_Handler
 .text.UsageFault_Handler
                0x08000f34        0x2 build/stm32h7xx_it.o
                0x08000f34                UsageFault_Handler
 .text.DebugMon_Handler
                0x08000f36        0x2 build/stm32h7xx_it.o
                0x08000f36                DebugMon_Handler
 .text.SysTick_Handler
                0x08000f38       0x16 build/stm32h7xx_it.o
                0x08000f38                SysTick_Handler
 *fill*         0x08000f4e        0x2 
 .text.FDCAN1_IT0_IRQHandler
                0x08000f50       0x10 build/stm32h7xx_it.o
                0x08000f50                FDCAN1_IT0_IRQHandler
 .text.FDCAN2_IT0_IRQHandler
                0x08000f60       0x10 build/stm32h7xx_it.o
                0x08000f60                FDCAN2_IT0_IRQHandler
 .text.TIM2_IRQHandler
                0x08000f70       0x10 build/stm32h7xx_it.o
                0x08000f70                TIM2_IRQHandler
 .text.TIM3_IRQHandler
                0x08000f80       0x10 build/stm32h7xx_it.o
                0x08000f80                TIM3_IRQHandler
 .text.HAL_MspInit
                0x08000f90       0x34 build/stm32h7xx_hal_msp.o
                0x08000f90                HAL_MspInit
 .text.HAL_NVIC_SetPriorityGrouping
                0x08000fc4       0x24 build/stm32h7xx_hal_cortex.o
                0x08000fc4                HAL_NVIC_SetPriorityGrouping
 .text.HAL_NVIC_SetPriority
                0x08000fe8       0x6c build/stm32h7xx_hal_cortex.o
                0x08000fe8                HAL_NVIC_SetPriority
 .text.HAL_NVIC_EnableIRQ
                0x08001054       0x1c build/stm32h7xx_hal_cortex.o
                0x08001054                HAL_NVIC_EnableIRQ
 .text.HAL_SYSTICK_Config
                0x08001070       0x28 build/stm32h7xx_hal_cortex.o
                0x08001070                HAL_SYSTICK_Config
 .text.HAL_RCC_OscConfig
                0x08001098      0x674 build/stm32h7xx_hal_rcc.o
                0x08001098                HAL_RCC_OscConfig
 .text.HAL_RCC_GetSysClockFreq
                0x0800170c      0x1f4 build/stm32h7xx_hal_rcc.o
                0x0800170c                HAL_RCC_GetSysClockFreq
 .text.HAL_RCC_ClockConfig
                0x08001900      0x294 build/stm32h7xx_hal_rcc.o
                0x08001900                HAL_RCC_ClockConfig
 .text.HAL_RCC_GetHCLKFreq
                0x08001b94       0x44 build/stm32h7xx_hal_rcc.o
                0x08001b94                HAL_RCC_GetHCLKFreq
 .text.HAL_RCC_GetPCLK1Freq
                0x08001bd8       0x24 build/stm32h7xx_hal_rcc.o
                0x08001bd8                HAL_RCC_GetPCLK1Freq
 .text.HAL_RCC_GetPCLK2Freq
                0x08001bfc       0x24 build/stm32h7xx_hal_rcc.o
                0x08001bfc                HAL_RCC_GetPCLK2Freq
 .text.RCCEx_PLL2_Config
                0x08001c20      0x10c build/stm32h7xx_hal_rcc_ex.o
 .text.RCCEx_PLL3_Config
                0x08001d2c      0x10c build/stm32h7xx_hal_rcc_ex.o
 .text.HAL_RCCEx_PeriphCLKConfig
                0x08001e38      0x9c4 build/stm32h7xx_hal_rcc_ex.o
                0x08001e38                HAL_RCCEx_PeriphCLKConfig
 .text.HAL_RCCEx_GetD3PCLK1Freq
                0x080027fc       0x24 build/stm32h7xx_hal_rcc_ex.o
                0x080027fc                HAL_RCCEx_GetD3PCLK1Freq
 .text.HAL_RCCEx_GetPLL2ClockFreq
                0x08002820      0x1f8 build/stm32h7xx_hal_rcc_ex.o
                0x08002820                HAL_RCCEx_GetPLL2ClockFreq
 .text.HAL_RCCEx_GetPLL3ClockFreq
                0x08002a18      0x1f8 build/stm32h7xx_hal_rcc_ex.o
                0x08002a18                HAL_RCCEx_GetPLL3ClockFreq
 .text.HAL_GPIO_Init
                0x08002c10      0x220 build/stm32h7xx_hal_gpio.o
                0x08002c10                HAL_GPIO_Init
 .text.HAL_GPIO_WritePin
                0x08002e30        0xc build/stm32h7xx_hal_gpio.o
                0x08002e30                HAL_GPIO_WritePin
 .text.HAL_PWREx_ConfigSupply
                0x08002e3c       0x54 build/stm32h7xx_hal_pwr_ex.o
                0x08002e3c                HAL_PWREx_ConfigSupply
 .text.HAL_InitTick
                0x08002e90       0x50 build/stm32h7xx_hal.o
                0x08002e90                HAL_InitTick
 .text.HAL_Init
                0x08002ee0       0x5c build/stm32h7xx_hal.o
                0x08002ee0                HAL_Init
 .text.HAL_IncTick
                0x08002f3c       0x18 build/stm32h7xx_hal.o
                0x08002f3c                HAL_IncTick
 .text.HAL_GetTick
                0x08002f54        0xc build/stm32h7xx_hal.o
                0x08002f54                HAL_GetTick
 .text.HAL_GetREVID
                0x08002f60        0xc build/stm32h7xx_hal.o
                0x08002f60                HAL_GetREVID
 .text.FDCAN_CalcultateRamBlockAddresses
                0x08002f6c      0x1d4 build/stm32h7xx_hal_fdcan.o
 .text.FDCAN_CopyMessageToRAM
                0x08003140       0x88 build/stm32h7xx_hal_fdcan.o
 .text.HAL_FDCAN_Init
                0x080031c8      0x294 build/stm32h7xx_hal_fdcan.o
                0x080031c8                HAL_FDCAN_Init
 .text.HAL_FDCAN_ConfigFilter
                0x0800345c       0x88 build/stm32h7xx_hal_fdcan.o
                0x0800345c                HAL_FDCAN_ConfigFilter
 .text.HAL_FDCAN_Start
                0x080034e4       0x34 build/stm32h7xx_hal_fdcan.o
                0x080034e4                HAL_FDCAN_Start
 .text.HAL_FDCAN_AddMessageToTxBuffer
                0x08003518       0x7e build/stm32h7xx_hal_fdcan.o
                0x08003518                HAL_FDCAN_AddMessageToTxBuffer
 .text.HAL_FDCAN_EnableTxBufferRequest
                0x08003596       0x24 build/stm32h7xx_hal_fdcan.o
                0x08003596                HAL_FDCAN_EnableTxBufferRequest
 *fill*         0x080035ba        0x2 
 .text.HAL_FDCAN_GetRxMessage
                0x080035bc      0x1e0 build/stm32h7xx_hal_fdcan.o
                0x080035bc                HAL_FDCAN_GetRxMessage
 .text.HAL_FDCAN_IsTxBufferMessagePending
                0x0800379c        0xe build/stm32h7xx_hal_fdcan.o
                0x0800379c                HAL_FDCAN_IsTxBufferMessagePending
 *fill*         0x080037aa        0x2 
 .text.HAL_FDCAN_ActivateNotification
                0x080037ac       0x90 build/stm32h7xx_hal_fdcan.o
                0x080037ac                HAL_FDCAN_ActivateNotification
 .text.HAL_FDCAN_ClockCalibrationCallback
                0x0800383c        0x2 build/stm32h7xx_hal_fdcan.o
                0x0800383c                HAL_FDCAN_ClockCalibrationCallback
 .text.HAL_FDCAN_TxEventFifoCallback
                0x0800383e        0x2 build/stm32h7xx_hal_fdcan.o
                0x0800383e                HAL_FDCAN_TxEventFifoCallback
 .text.HAL_FDCAN_RxFifo1Callback
                0x08003840        0x2 build/stm32h7xx_hal_fdcan.o
                0x08003840                HAL_FDCAN_RxFifo1Callback
 .text.HAL_FDCAN_TxFifoEmptyCallback
                0x08003842        0x2 build/stm32h7xx_hal_fdcan.o
                0x08003842                HAL_FDCAN_TxFifoEmptyCallback
 .text.HAL_FDCAN_TxBufferCompleteCallback
                0x08003844        0x2 build/stm32h7xx_hal_fdcan.o
                0x08003844                HAL_FDCAN_TxBufferCompleteCallback
 .text.HAL_FDCAN_TxBufferAbortCallback
                0x08003846        0x2 build/stm32h7xx_hal_fdcan.o
                0x08003846                HAL_FDCAN_TxBufferAbortCallback
 .text.HAL_FDCAN_RxBufferNewMessageCallback
                0x08003848        0x2 build/stm32h7xx_hal_fdcan.o
                0x08003848                HAL_FDCAN_RxBufferNewMessageCallback
 .text.HAL_FDCAN_TimestampWraparoundCallback
                0x0800384a        0x2 build/stm32h7xx_hal_fdcan.o
                0x0800384a                HAL_FDCAN_TimestampWraparoundCallback
 .text.HAL_FDCAN_TimeoutOccurredCallback
                0x0800384c        0x2 build/stm32h7xx_hal_fdcan.o
                0x0800384c                HAL_FDCAN_TimeoutOccurredCallback
 .text.HAL_FDCAN_HighPriorityMessageCallback
                0x0800384e        0x2 build/stm32h7xx_hal_fdcan.o
                0x0800384e                HAL_FDCAN_HighPriorityMessageCallback
 .text.HAL_FDCAN_ErrorCallback
                0x08003850        0x2 build/stm32h7xx_hal_fdcan.o
                0x08003850                HAL_FDCAN_ErrorCallback
 .text.HAL_FDCAN_ErrorStatusCallback
                0x08003852        0x2 build/stm32h7xx_hal_fdcan.o
                0x08003852                HAL_FDCAN_ErrorStatusCallback
 .text.HAL_FDCAN_TT_ScheduleSyncCallback
                0x08003854        0x2 build/stm32h7xx_hal_fdcan.o
                0x08003854                HAL_FDCAN_TT_ScheduleSyncCallback
 .text.HAL_FDCAN_TT_TimeMarkCallback
                0x08003856        0x2 build/stm32h7xx_hal_fdcan.o
                0x08003856                HAL_FDCAN_TT_TimeMarkCallback
 .text.HAL_FDCAN_TT_StopWatchCallback
                0x08003858        0x2 build/stm32h7xx_hal_fdcan.o
                0x08003858                HAL_FDCAN_TT_StopWatchCallback
 .text.HAL_FDCAN_TT_GlobalTimeCallback
                0x0800385a        0x2 build/stm32h7xx_hal_fdcan.o
                0x0800385a                HAL_FDCAN_TT_GlobalTimeCallback
 .text.HAL_FDCAN_IRQHandler
                0x0800385c      0x32c build/stm32h7xx_hal_fdcan.o
                0x0800385c                HAL_FDCAN_IRQHandler
 .text.TIM_TI1_ConfigInputStage
                0x08003b88       0x26 build/stm32h7xx_hal_tim.o
 .text.TIM_TI2_ConfigInputStage
                0x08003bae       0x28 build/stm32h7xx_hal_tim.o
 *fill*         0x08003bd6        0x2 
 .text.TIM_ITRx_SetConfig
                0x08003bd8       0x14 build/stm32h7xx_hal_tim.o
 .text.HAL_TIM_Base_Start_IT
                0x08003bec       0x90 build/stm32h7xx_hal_tim.o
                0x08003bec                HAL_TIM_Base_Start_IT
 .text.HAL_TIM_OC_DelayElapsedCallback
                0x08003c7c        0x2 build/stm32h7xx_hal_tim.o
                0x08003c7c                HAL_TIM_OC_DelayElapsedCallback
 .text.HAL_TIM_IC_CaptureCallback
                0x08003c7e        0x2 build/stm32h7xx_hal_tim.o
                0x08003c7e                HAL_TIM_IC_CaptureCallback
 .text.HAL_TIM_PWM_PulseFinishedCallback
                0x08003c80        0x2 build/stm32h7xx_hal_tim.o
                0x08003c80                HAL_TIM_PWM_PulseFinishedCallback
 .text.HAL_TIM_TriggerCallback
                0x08003c82        0x2 build/stm32h7xx_hal_tim.o
                0x08003c82                HAL_TIM_TriggerCallback
 .text.HAL_TIM_IRQHandler
                0x08003c84      0x19a build/stm32h7xx_hal_tim.o
                0x08003c84                HAL_TIM_IRQHandler
 *fill*         0x08003e1e        0x2 
 .text.TIM_Base_SetConfig
                0x08003e20      0x104 build/stm32h7xx_hal_tim.o
                0x08003e20                TIM_Base_SetConfig
 .text.HAL_TIM_Base_Init
                0x08003f24       0x60 build/stm32h7xx_hal_tim.o
                0x08003f24                HAL_TIM_Base_Init
 .text.TIM_ETR_SetConfig
                0x08003f84       0x1a build/stm32h7xx_hal_tim.o
                0x08003f84                TIM_ETR_SetConfig
 *fill*         0x08003f9e        0x2 
 .text.HAL_TIM_ConfigClockSource
                0x08003fa0      0x138 build/stm32h7xx_hal_tim.o
                0x08003fa0                HAL_TIM_ConfigClockSource
 .text.HAL_TIMEx_MasterConfigSynchronization
                0x080040d8       0xa0 build/stm32h7xx_hal_tim_ex.o
                0x080040d8                HAL_TIMEx_MasterConfigSynchronization
 .text.HAL_TIMEx_CommutCallback
                0x08004178        0x2 build/stm32h7xx_hal_tim_ex.o
                0x08004178                HAL_TIMEx_CommutCallback
 .text.HAL_TIMEx_BreakCallback
                0x0800417a        0x2 build/stm32h7xx_hal_tim_ex.o
                0x0800417a                HAL_TIMEx_BreakCallback
 .text.HAL_TIMEx_Break2Callback
                0x0800417c        0x2 build/stm32h7xx_hal_tim_ex.o
                0x0800417c                HAL_TIMEx_Break2Callback
 .text.HAL_UART_ErrorCallback
                0x0800417e        0x2 build/stm32h7xx_hal_uart.o
                0x0800417e                HAL_UART_ErrorCallback
 .text.HAL_UARTEx_RxEventCallback
                0x08004180        0x2 build/stm32h7xx_hal_uart.o
                0x08004180                HAL_UARTEx_RxEventCallback
 .text.UART_RxISR_8BIT
                0x08004182       0xb2 build/stm32h7xx_hal_uart.o
 .text.UART_RxISR_16BIT
                0x08004234       0xb0 build/stm32h7xx_hal_uart.o
 .text.UART_RxISR_8BIT_FIFOEN
                0x080042e4      0x1a0 build/stm32h7xx_hal_uart.o
 .text.UART_RxISR_16BIT_FIFOEN
                0x08004484      0x19c build/stm32h7xx_hal_uart.o
 .text.UART_SetConfig
                0x08004620      0x5f4 build/stm32h7xx_hal_uart.o
                0x08004620                UART_SetConfig
 .text.UART_AdvFeatureConfig
                0x08004c14       0xca build/stm32h7xx_hal_uart.o
                0x08004c14                UART_AdvFeatureConfig
 .text.UART_WaitOnFlagUntilTimeout
                0x08004cde       0xdc build/stm32h7xx_hal_uart.o
                0x08004cde                UART_WaitOnFlagUntilTimeout
 .text.HAL_UART_Transmit
                0x08004dba       0xda build/stm32h7xx_hal_uart.o
                0x08004dba                HAL_UART_Transmit
 .text.UART_CheckIdleState
                0x08004e94       0x74 build/stm32h7xx_hal_uart.o
                0x08004e94                UART_CheckIdleState
 .text.HAL_UART_Init
                0x08004f08       0x66 build/stm32h7xx_hal_uart.o
                0x08004f08                HAL_UART_Init
 *fill*         0x08004f6e        0x2 
 .text.UART_Start_Receive_IT
                0x08004f70      0x148 build/stm32h7xx_hal_uart.o
                0x08004f70                UART_Start_Receive_IT
 .text.HAL_UART_Receive_IT
                0x080050b8       0x5c build/stm32h7xx_hal_uart.o
                0x080050b8                HAL_UART_Receive_IT
 .text.UARTEx_SetNbDataToProcess
                0x08005114       0x4c build/stm32h7xx_hal_uart_ex.o
 .text.HAL_UARTEx_DisableFifoMode
                0x08005160       0x3e build/stm32h7xx_hal_uart_ex.o
                0x08005160                HAL_UARTEx_DisableFifoMode
 .text.HAL_UARTEx_SetTxFifoThreshold
                0x0800519e       0x4a build/stm32h7xx_hal_uart_ex.o
                0x0800519e                HAL_UARTEx_SetTxFifoThreshold
 .text.HAL_UARTEx_SetRxFifoThreshold
                0x080051e8       0x4a build/stm32h7xx_hal_uart_ex.o
                0x080051e8                HAL_UARTEx_SetRxFifoThreshold
 *fill*         0x08005232        0x2 
 .text.SystemInit
                0x08005234       0xcc build/system_stm32h7xx.o
                0x08005234                SystemInit
 .text.vListInitialise
                0x08005300       0x16 build/list.o
                0x08005300                vListInitialise
 .text.vListInitialiseItem
                0x08005316        0x6 build/list.o
                0x08005316                vListInitialiseItem
 .text.vListInsertEnd
                0x0800531c       0x16 build/list.o
                0x0800531c                vListInsertEnd
 .text.vListInsert
                0x08005332       0x32 build/list.o
                0x08005332                vListInsert
 .text.uxListRemove
                0x08005364       0x26 build/list.o
                0x08005364                uxListRemove
 .text.prvIsQueueFull
                0x0800538a       0x1e build/queue.o
 .text.prvIsQueueEmpty
                0x080053a8       0x1a build/queue.o
 .text.prvCopyDataToQueue
                0x080053c2       0x76 build/queue.o
 .text.prvCopyDataFromQueue
                0x08005438       0x24 build/queue.o
 .text.prvUnlockQueue
                0x0800545c       0x6e build/queue.o
 .text.xQueueGenericReset
                0x080054ca       0x84 build/queue.o
                0x080054ca                xQueueGenericReset
 .text.prvInitialiseNewQueue
                0x0800554e       0x22 build/queue.o
 .text.xQueueGenericCreateStatic
                0x08005570       0xa6 build/queue.o
                0x08005570                xQueueGenericCreateStatic
 .text.xQueueGenericSend
                0x08005616      0x188 build/queue.o
                0x08005616                xQueueGenericSend
 .text.xQueueGenericSendFromISR
                0x0800579e       0xce build/queue.o
                0x0800579e                xQueueGenericSendFromISR
 .text.xQueueReceive
                0x0800586c      0x15e build/queue.o
                0x0800586c                xQueueReceive
 *fill*         0x080059ca        0x2 
 .text.vQueueAddToRegistry
                0x080059cc       0x28 build/queue.o
                0x080059cc                vQueueAddToRegistry
 .text.vQueueWaitForMessageRestricted
                0x080059f4       0x52 build/queue.o
                0x080059f4                vQueueWaitForMessageRestricted
 *fill*         0x08005a46        0x2 
 .text.prvResetNextTaskUnblockTime
                0x08005a48       0x2c build/tasks.o
 .text.prvInitialiseNewTask
                0x08005a74       0xa6 build/tasks.o
 *fill*         0x08005b1a        0x2 
 .text.prvInitialiseTaskLists
                0x08005b1c       0x68 build/tasks.o
 .text.prvAddNewTaskToReadyList
                0x08005b84       0xac build/tasks.o
 .text.prvDeleteTCB
                0x08005c30       0x38 build/tasks.o
 .text.prvCheckTasksWaitingTermination
                0x08005c68       0x4c build/tasks.o
 .text.prvIdleTask
                0x08005cb4       0x28 build/tasks.o
 .text.prvAddCurrentTaskToDelayedList
                0x08005cdc       0x84 build/tasks.o
 .text.xTaskCreateStatic
                0x08005d60       0x76 build/tasks.o
                0x08005d60                xTaskCreateStatic
 .text.xTaskCreate
                0x08005dd6       0x68 build/tasks.o
                0x08005dd6                xTaskCreate
 *fill*         0x08005e3e        0x2 
 .text.vTaskStartScheduler
                0x08005e40       0x9c build/tasks.o
                0x08005e40                vTaskStartScheduler
 .text.vTaskSuspendAll
                0x08005edc       0x10 build/tasks.o
                0x08005edc                vTaskSuspendAll
 .text.xTaskGetTickCount
                0x08005eec        0xc build/tasks.o
                0x08005eec                xTaskGetTickCount
 .text.xTaskIncrementTick
                0x08005ef8      0x118 build/tasks.o
                0x08005ef8                xTaskIncrementTick
 .text.xTaskResumeAll
                0x08006010       0xf8 build/tasks.o
                0x08006010                xTaskResumeAll
 .text.vTaskSwitchContext
                0x08006108       0x94 build/tasks.o
                0x08006108                vTaskSwitchContext
 .text.vTaskPlaceOnEventList
                0x0800619c       0x30 build/tasks.o
                0x0800619c                vTaskPlaceOnEventList
 .text.vTaskPlaceOnEventListRestricted
                0x080061cc       0x38 build/tasks.o
                0x080061cc                vTaskPlaceOnEventListRestricted
 .text.xTaskRemoveFromEventList
                0x08006204       0x8c build/tasks.o
                0x08006204                xTaskRemoveFromEventList
 .text.vTaskInternalSetTimeOutState
                0x08006290       0x18 build/tasks.o
                0x08006290                vTaskInternalSetTimeOutState
 .text.xTaskCheckForTimeOut
                0x080062a8       0x84 build/tasks.o
                0x080062a8                xTaskCheckForTimeOut
 .text.vTaskMissedYield
                0x0800632c        0xc build/tasks.o
                0x0800632c                vTaskMissedYield
 .text.xTaskGetSchedulerState
                0x08006338       0x20 build/tasks.o
                0x08006338                xTaskGetSchedulerState
 .text.xTaskPriorityDisinherit
                0x08006358       0x90 build/tasks.o
                0x08006358                xTaskPriorityDisinherit
 .text.prvGetNextExpireTime
                0x080063e8       0x20 build/timers.o
 .text.prvInsertTimerInActiveList
                0x08006408       0x50 build/timers.o
 .text.prvCheckForValidListAndQueue
                0x08006458       0x70 build/timers.o
 .text.xTimerCreateTimerTask
                0x080064c8       0x64 build/timers.o
                0x080064c8                xTimerCreateTimerTask
 .text.xTimerGenericCommand
                0x0800652c       0x6c build/timers.o
                0x0800652c                xTimerGenericCommand
 .text.prvSwitchTimerLists
                0x08006598       0x7c build/timers.o
 .text.prvSampleTimeNow
                0x08006614       0x2c build/timers.o
 .text.prvProcessExpiredTimer
                0x08006640       0x6c build/timers.o
 .text.prvProcessTimerOrBlockTask
                0x080066ac       0x78 build/timers.o
 .text.prvProcessReceivedCommands
                0x08006724      0x10c build/timers.o
 .text.prvTimerTask
                0x08006830       0x16 build/timers.o
 *fill*         0x08006846        0x2 
 .text.osKernelInitialize
                0x08006848       0x24 build/cmsis_os2.o
                0x08006848                osKernelInitialize
 .text.osKernelStart
                0x0800686c       0x38 build/cmsis_os2.o
                0x0800686c                osKernelStart
 .text.osThreadNew
                0x080068a4       0xbc build/cmsis_os2.o
                0x080068a4                osThreadNew
 .text.vApplicationGetIdleTaskMemory
                0x08006960       0x18 build/cmsis_os2.o
                0x08006960                vApplicationGetIdleTaskMemory
 .text.vApplicationGetTimerTaskMemory
                0x08006978       0x18 build/cmsis_os2.o
                0x08006978                vApplicationGetTimerTaskMemory
 .text.prvHeapInit
                0x08006990       0x64 build/heap_4.o
 .text.prvInsertBlockIntoFreeList
                0x080069f4       0x64 build/heap_4.o
 .text.pvPortMalloc
                0x08006a58       0xfc build/heap_4.o
                0x08006a58                pvPortMalloc
 .text.vPortFree
                0x08006b54       0x7c build/heap_4.o
                0x08006b54                vPortFree
 .text.prvTaskExitError
                0x08006bd0       0x40 build/port.o
 .text.prvPortStartFirstTask
                0x08006c10       0x28 build/port.o
 .text.vPortEnableVFP
                0x08006c38       0x14 build/port.o
 .text.pxPortInitialiseStack
                0x08006c4c       0x2c build/port.o
                0x08006c4c                pxPortInitialiseStack
 *fill*         0x08006c78        0x8 
 .text.SVC_Handler
                0x08006c80       0x24 build/port.o
                0x08006c80                SVC_Handler
 .text.vPortEnterCritical
                0x08006ca4       0x44 build/port.o
                0x08006ca4                vPortEnterCritical
 .text.vPortExitCritical
                0x08006ce8       0x2c build/port.o
                0x08006ce8                vPortExitCritical
 *fill*         0x08006d14        0xc 
 .text.PendSV_Handler
                0x08006d20       0x64 build/port.o
                0x08006d20                PendSV_Handler
 .text.xPortSysTickHandler
                0x08006d84       0x2c build/port.o
                0x08006d84                xPortSysTickHandler
 .text.vPortSetupTimerInterrupt
                0x08006db0       0x28 build/port.o
                0x08006db0                vPortSetupTimerInterrupt
 .text.xPortStartScheduler
                0x08006dd8      0x118 build/port.o
                0x08006dd8                xPortStartScheduler
 .text.vPortValidateInterruptPriority
                0x08006ef0       0x5c build/port.o
                0x08006ef0                vPortValidateInterruptPriority
 .text.fdcanfilter
                0x08006f4c       0x50 build/bsp_can.o
                0x08006f4c                fdcanfilter
 *fill*         0x08006f9c        0x4 
 .text.HAL_FDCAN_RxFifo0Callback
                0x08006fa0      0x15c build/bsp_can.o
                0x08006fa0                HAL_FDCAN_RxFifo0Callback
 .text.CAN_cmd_chassis
                0x080070fc      0x11c build/bsp_can.o
                0x080070fc                CAN_cmd_chassis
 .text.set_speed
                0x08007218        0x6 build/motor.o
                0x08007218                set_speed
 *fill*         0x0800721e        0x2 
 .text.speed_control
                0x08007220       0xb8 build/motor.o
                0x08007220                speed_control
 .text.Reset_Handler
                0x080072d8       0x50 build/startup_stm32h743xx.o
                0x080072d8                Reset_Handler
 .text.Default_Handler
                0x08007328        0x2 build/startup_stm32h743xx.o
                0x08007328                RTC_Alarm_IRQHandler
                0x08007328                EXTI2_IRQHandler
                0x08007328                TIM8_CC_IRQHandler
                0x08007328                HRTIM1_Master_IRQHandler
                0x08007328                UART8_IRQHandler
                0x08007328                SPI4_IRQHandler
                0x08007328                TIM1_CC_IRQHandler
                0x08007328                BDMA_Channel6_IRQHandler
                0x08007328                DMA2_Stream5_IRQHandler
                0x08007328                HRTIM1_FLT_IRQHandler
                0x08007328                JPEG_IRQHandler
                0x08007328                DMA1_Stream5_IRQHandler
                0x08007328                BDMA_Channel1_IRQHandler
                0x08007328                HRTIM1_TIMD_IRQHandler
                0x08007328                TAMP_STAMP_IRQHandler
                0x08007328                EXTI3_IRQHandler
                0x08007328                LPTIM4_IRQHandler
                0x08007328                TIM8_TRG_COM_TIM14_IRQHandler
                0x08007328                LPTIM2_IRQHandler
                0x08007328                DFSDM1_FLT1_IRQHandler
                0x08007328                DMAMUX2_OVR_IRQHandler
                0x08007328                TIM8_UP_TIM13_IRQHandler
                0x08007328                I2C3_ER_IRQHandler
                0x08007328                DFSDM1_FLT2_IRQHandler
                0x08007328                MDMA_IRQHandler
                0x08007328                LPTIM3_IRQHandler
                0x08007328                HSEM1_IRQHandler
                0x08007328                EXTI0_IRQHandler
                0x08007328                I2C2_EV_IRQHandler
                0x08007328                DMA1_Stream2_IRQHandler
                0x08007328                FPU_IRQHandler
                0x08007328                OTG_HS_WKUP_IRQHandler
                0x08007328                FDCAN1_IT1_IRQHandler
                0x08007328                LTDC_ER_IRQHandler
                0x08007328                DMA2_Stream2_IRQHandler
                0x08007328                HRTIM1_TIME_IRQHandler
                0x08007328                SPI1_IRQHandler
                0x08007328                TIM6_DAC_IRQHandler
                0x08007328                DCMI_IRQHandler
                0x08007328                HRTIM1_TIMC_IRQHandler
                0x08007328                DMA2_Stream3_IRQHandler
                0x08007328                SAI2_IRQHandler
                0x08007328                DFSDM1_FLT3_IRQHandler
                0x08007328                USART6_IRQHandler
                0x08007328                TIM17_IRQHandler
                0x08007328                USART3_IRQHandler
                0x08007328                BDMA_Channel7_IRQHandler
                0x08007328                LPTIM5_IRQHandler
                0x08007328                UART5_IRQHandler
                0x08007328                ADC3_IRQHandler
                0x08007328                DMA2_Stream0_IRQHandler
                0x08007328                TIM4_IRQHandler
                0x08007328                BDMA_Channel2_IRQHandler
                0x08007328                QUADSPI_IRQHandler
                0x08007328                I2C1_EV_IRQHandler
                0x08007328                DMA1_Stream6_IRQHandler
                0x08007328                DMAMUX1_OVR_IRQHandler
                0x08007328                DMA1_Stream1_IRQHandler
                0x08007328                TIM16_IRQHandler
                0x08007328                UART4_IRQHandler
                0x08007328                BDMA_Channel5_IRQHandler
                0x08007328                RCC_IRQHandler
                0x08007328                TIM8_BRK_TIM12_IRQHandler
                0x08007328                TIM1_TRG_COM_IRQHandler
                0x08007328                Default_Handler
                0x08007328                ECC_IRQHandler
                0x08007328                CEC_IRQHandler
                0x08007328                EXTI15_10_IRQHandler
                0x08007328                BDMA_Channel0_IRQHandler
                0x08007328                ADC_IRQHandler
                0x08007328                DMA1_Stream7_IRQHandler
                0x08007328                HRTIM1_TIMA_IRQHandler
                0x08007328                SPI5_IRQHandler
                0x08007328                TIM7_IRQHandler
                0x08007328                SDMMC1_IRQHandler
                0x08007328                TIM5_IRQHandler
                0x08007328                DMA2_Stream7_IRQHandler
                0x08007328                TIM15_IRQHandler
                0x08007328                PVD_AVD_IRQHandler
                0x08007328                I2C3_EV_IRQHandler
                0x08007328                EXTI9_5_IRQHandler
                0x08007328                RTC_WKUP_IRQHandler
                0x08007328                LTDC_IRQHandler
                0x08007328                SAI3_IRQHandler
                0x08007328                ETH_WKUP_IRQHandler
                0x08007328                SPDIF_RX_IRQHandler
                0x08007328                SPI2_IRQHandler
                0x08007328                OTG_HS_EP1_IN_IRQHandler
                0x08007328                DMA1_Stream0_IRQHandler
                0x08007328                CRS_IRQHandler
                0x08007328                EXTI4_IRQHandler
                0x08007328                RNG_IRQHandler
                0x08007328                HRTIM1_TIMB_IRQHandler
                0x08007328                FDCAN2_IT1_IRQHandler
                0x08007328                ETH_IRQHandler
                0x08007328                TIM1_UP_IRQHandler
                0x08007328                BDMA_Channel4_IRQHandler
                0x08007328                OTG_HS_EP1_OUT_IRQHandler
                0x08007328                WWDG_IRQHandler
                0x08007328                SPI6_IRQHandler
                0x08007328                MDIOS_IRQHandler
                0x08007328                I2C4_EV_IRQHandler
                0x08007328                LPUART1_IRQHandler
                0x08007328                OTG_FS_WKUP_IRQHandler
                0x08007328                OTG_HS_IRQHandler
                0x08007328                DMA2D_IRQHandler
                0x08007328                TIM1_BRK_IRQHandler
                0x08007328                EXTI1_IRQHandler
                0x08007328                SDMMC2_IRQHandler
                0x08007328                OTG_FS_EP1_OUT_IRQHandler
                0x08007328                BDMA_Channel3_IRQHandler
                0x08007328                UART7_IRQHandler
                0x08007328                MDIOS_WKUP_IRQHandler
                0x08007328                USART2_IRQHandler
                0x08007328                DFSDM1_FLT0_IRQHandler
                0x08007328                SAI4_IRQHandler
                0x08007328                I2C2_ER_IRQHandler
                0x08007328                DMA2_Stream1_IRQHandler
                0x08007328                FLASH_IRQHandler
                0x08007328                DMA2_Stream4_IRQHandler
                0x08007328                USART1_IRQHandler
                0x08007328                OTG_FS_IRQHandler
                0x08007328                SPI3_IRQHandler
                0x08007328                WAKEUP_PIN_IRQHandler
                0x08007328                DMA1_Stream4_IRQHandler
                0x08007328                OTG_FS_EP1_IN_IRQHandler
                0x08007328                I2C1_ER_IRQHandler
                0x08007328                FMC_IRQHandler
                0x08007328                FDCAN_CAL_IRQHandler
                0x08007328                SWPMI1_IRQHandler
                0x08007328                COMP1_IRQHandler
                0x08007328                LPTIM1_IRQHandler
                0x08007328                I2C4_ER_IRQHandler
                0x08007328                DMA2_Stream6_IRQHandler
                0x08007328                SAI1_IRQHandler
                0x08007328                DMA1_Stream3_IRQHandler
 *fill*         0x0800732a        0x2 
 .text.__libc_init_array
                0x0800732c       0x48 c:/program files (x86)/gnu arm embedded toolchain/10 2021.07/bin/../lib/gcc/arm-none-eabi/10.3.1/../../../../arm-none-eabi/lib/thumb/v7e-m+dp/hard\libc_nano.a(lib_a-init.o)
                0x0800732c                __libc_init_array
 .text.memcpy   0x08007374       0x1c c:/program files (x86)/gnu arm embedded toolchain/10 2021.07/bin/../lib/gcc/arm-none-eabi/10.3.1/../../../../arm-none-eabi/lib/thumb/v7e-m+dp/hard\libc_nano.a(lib_a-memcpy-stub.o)
                0x08007374                memcpy
 .text.memset   0x08007390       0x10 c:/program files (x86)/gnu arm embedded toolchain/10 2021.07/bin/../lib/gcc/arm-none-eabi/10.3.1/../../../../arm-none-eabi/lib/thumb/v7e-m+dp/hard\libc_nano.a(lib_a-memset.o)
                0x08007390                memset
 .text._vsprintf_r
                0x080073a0       0x2c c:/program files (x86)/gnu arm embedded toolchain/10 2021.07/bin/../lib/gcc/arm-none-eabi/10.3.1/../../../../arm-none-eabi/lib/thumb/v7e-m+dp/hard\libc_nano.a(lib_a-vsprintf.o)
                0x080073a0                _vsprintf_r
                0x080073a0                _vsiprintf_r
 .text.vsprintf
                0x080073cc       0x14 c:/program files (x86)/gnu arm embedded toolchain/10 2021.07/bin/../lib/gcc/arm-none-eabi/10.3.1/../../../../arm-none-eabi/lib/thumb/v7e-m+dp/hard\libc_nano.a(lib_a-vsprintf.o)
                0x080073cc                vsiprintf
                0x080073cc                vsprintf
 .text.__ssputs_r
                0x080073e0       0xb6 c:/program files (x86)/gnu arm embedded toolchain/10 2021.07/bin/../lib/gcc/arm-none-eabi/10.3.1/../../../../arm-none-eabi/lib/thumb/v7e-m+dp/hard\libc_nano.a(lib_a-nano-svfprintf.o)
                0x080073e0                __ssputs_r
 *fill*         0x08007496        0x2 
 .text._svfprintf_r
                0x08007498      0x200 c:/program files (x86)/gnu arm embedded toolchain/10 2021.07/bin/../lib/gcc/arm-none-eabi/10.3.1/../../../../arm-none-eabi/lib/thumb/v7e-m+dp/hard\libc_nano.a(lib_a-nano-svfprintf.o)
                0x08007498                _svfiprintf_r
                0x08007498                _svfprintf_r
 .text._printf_common
                0x08007698       0xda c:/program files (x86)/gnu arm embedded toolchain/10 2021.07/bin/../lib/gcc/arm-none-eabi/10.3.1/../../../../arm-none-eabi/lib/thumb/v7e-m+dp/hard\libc_nano.a(lib_a-nano-vfprintf_i.o)
                0x08007698                _printf_common
 *fill*         0x08007772        0x2 
 .text._printf_i
                0x08007774      0x24c c:/program files (x86)/gnu arm embedded toolchain/10 2021.07/bin/../lib/gcc/arm-none-eabi/10.3.1/../../../../arm-none-eabi/lib/thumb/v7e-m+dp/hard\libc_nano.a(lib_a-nano-vfprintf_i.o)
                0x08007774                _printf_i
 .text.__retarget_lock_acquire_recursive
                0x080079c0        0x2 c:/program files (x86)/gnu arm embedded toolchain/10 2021.07/bin/../lib/gcc/arm-none-eabi/10.3.1/../../../../arm-none-eabi/lib/thumb/v7e-m+dp/hard\libc_nano.a(lib_a-lock.o)
                0x080079c0                __retarget_lock_acquire_recursive
 .text.__retarget_lock_release_recursive
                0x080079c2        0x2 c:/program files (x86)/gnu arm embedded toolchain/10 2021.07/bin/../lib/gcc/arm-none-eabi/10.3.1/../../../../arm-none-eabi/lib/thumb/v7e-m+dp/hard\libc_nano.a(lib_a-lock.o)
                0x080079c2                __retarget_lock_release_recursive
 .text.memmove  0x080079c4       0x34 c:/program files (x86)/gnu arm embedded toolchain/10 2021.07/bin/../lib/gcc/arm-none-eabi/10.3.1/../../../../arm-none-eabi/lib/thumb/v7e-m+dp/hard\libc_nano.a(lib_a-memmove.o)
                0x080079c4                memmove
 .text._free_r  0x080079f8       0x98 c:/program files (x86)/gnu arm embedded toolchain/10 2021.07/bin/../lib/gcc/arm-none-eabi/10.3.1/../../../../arm-none-eabi/lib/thumb/v7e-m+dp/hard\libc_nano.a(lib_a-nano-freer.o)
                0x080079f8                _free_r
 .text.sbrk_aligned
                0x08007a90       0x40 c:/program files (x86)/gnu arm embedded toolchain/10 2021.07/bin/../lib/gcc/arm-none-eabi/10.3.1/../../../../arm-none-eabi/lib/thumb/v7e-m+dp/hard\libc_nano.a(lib_a-nano-mallocr.o)
 .text._malloc_r
                0x08007ad0       0xe8 c:/program files (x86)/gnu arm embedded toolchain/10 2021.07/bin/../lib/gcc/arm-none-eabi/10.3.1/../../../../arm-none-eabi/lib/thumb/v7e-m+dp/hard\libc_nano.a(lib_a-nano-mallocr.o)
                0x08007ad0                _malloc_r
 .text._realloc_r
                0x08007bb8       0x5e c:/program files (x86)/gnu arm embedded toolchain/10 2021.07/bin/../lib/gcc/arm-none-eabi/10.3.1/../../../../arm-none-eabi/lib/thumb/v7e-m+dp/hard\libc_nano.a(lib_a-nano-reallocr.o)
                0x08007bb8                _realloc_r
 *fill*         0x08007c16        0x2 
 .text._sbrk_r  0x08007c18       0x20 c:/program files (x86)/gnu arm embedded toolchain/10 2021.07/bin/../lib/gcc/arm-none-eabi/10.3.1/../../../../arm-none-eabi/lib/thumb/v7e-m+dp/hard\libc_nano.a(lib_a-sbrkr.o)
                0x08007c18                _sbrk_r
 .text.__malloc_lock
                0x08007c38        0xc c:/program files (x86)/gnu arm embedded toolchain/10 2021.07/bin/../lib/gcc/arm-none-eabi/10.3.1/../../../../arm-none-eabi/lib/thumb/v7e-m+dp/hard\libc_nano.a(lib_a-mlock.o)
                0x08007c38                __malloc_lock
 .text.__malloc_unlock
                0x08007c44        0xc c:/program files (x86)/gnu arm embedded toolchain/10 2021.07/bin/../lib/gcc/arm-none-eabi/10.3.1/../../../../arm-none-eabi/lib/thumb/v7e-m+dp/hard\libc_nano.a(lib_a-mlock.o)
                0x08007c44                __malloc_unlock
 .text._malloc_usable_size_r
                0x08007c50       0x10 c:/program files (x86)/gnu arm embedded toolchain/10 2021.07/bin/../lib/gcc/arm-none-eabi/10.3.1/../../../../arm-none-eabi/lib/thumb/v7e-m+dp/hard\libc_nano.a(lib_a-nano-msizer.o)
                0x08007c50                _malloc_usable_size_r
 .text._sbrk    0x08007c60       0x1c c:/program files (x86)/gnu arm embedded toolchain/10 2021.07/bin/../lib/gcc/arm-none-eabi/10.3.1/../../../../arm-none-eabi/lib/thumb/v7e-m+dp/hard\libnosys.a(sbrk.o)
                0x08007c60                _sbrk
 .text.arm_pid_init_f32
                0x08007c7c       0x3c Drivers/CMSIS/DSP/Lib/GCC\libarm_cortexM7lfsp_math.a(arm_pid_init_f32.o)
                0x08007c7c                arm_pid_init_f32
 *(.glue_7)
 .glue_7        0x08007cb8        0x0 linker stubs
 *(.glue_7t)
 .glue_7t       0x08007cb8        0x0 linker stubs
 *(.eh_frame)
 .eh_frame      0x08007cb8        0x0 c:/program files (x86)/gnu arm embedded toolchain/10 2021.07/bin/../lib/gcc/arm-none-eabi/10.3.1/thumb/v7e-m+dp/hard/crtbegin.o
 *(.init)
 .init          0x08007cb8        0x4 c:/program files (x86)/gnu arm embedded toolchain/10 2021.07/bin/../lib/gcc/arm-none-eabi/10.3.1/thumb/v7e-m+dp/hard/crti.o
                0x08007cb8                _init
 .init          0x08007cbc        0x8 c:/program files (x86)/gnu arm embedded toolchain/10 2021.07/bin/../lib/gcc/arm-none-eabi/10.3.1/thumb/v7e-m+dp/hard/crtn.o
 *(.fini)
 .fini          0x08007cc4        0x4 c:/program files (x86)/gnu arm embedded toolchain/10 2021.07/bin/../lib/gcc/arm-none-eabi/10.3.1/thumb/v7e-m+dp/hard/crti.o
                0x08007cc4                _fini
 .fini          0x08007cc8        0x8 c:/program files (x86)/gnu arm embedded toolchain/10 2021.07/bin/../lib/gcc/arm-none-eabi/10.3.1/thumb/v7e-m+dp/hard/crtn.o
                0x08007cd0                . = ALIGN (0x4)
                0x08007cd0                _etext = .

.vfp11_veneer   0x08007cd0        0x0
 .vfp11_veneer  0x08007cd0        0x0 linker stubs

.v4_bx          0x08007cd0        0x0
 .v4_bx         0x08007cd0        0x0 linker stubs

.iplt           0x08007cd0        0x0
 .iplt          0x08007cd0        0x0 c:/program files (x86)/gnu arm embedded toolchain/10 2021.07/bin/../lib/gcc/arm-none-eabi/10.3.1/thumb/v7e-m+dp/hard/crtbegin.o

.rodata         0x08007cd0      0x248
                0x08007cd0                . = ALIGN (0x4)
 *(.rodata)
 .rodata        0x08007cd0       0x4c build/stm32h7xx_hal_fdcan.o
 *(.rodata*)
 .rodata.HAL_TIM_PeriodElapsedCallback.str1.4
                0x08007d1c       0x33 build/main.o
 *fill*         0x08007d4f        0x1 
 .rodata.__FUNCTION__.0
                0x08007d50       0x1e build/main.o
 *fill*         0x08007d6e        0x2 
 .rodata.str1.4
                0x08007d70       0x24 build/freertos.o
 .rodata.defaultTask_attributes
                0x08007d94       0x24 build/freertos.o
                0x08007d94                defaultTask_attributes
 .rodata.myTaskA_attributes
                0x08007db8       0x24 build/freertos.o
                0x08007db8                myTaskA_attributes
 .rodata.myTaskB_attributes
                0x08007ddc       0x24 build/freertos.o
                0x08007ddc                myTaskB_attributes
 .rodata.myTaskC_attributes
                0x08007e00       0x24 build/freertos.o
                0x08007e00                myTaskC_attributes
 .rodata.DLCtoBytes
                0x08007e24       0x10 build/stm32h7xx_hal_fdcan.o
 .rodata.UARTPrescTable
                0x08007e34       0x18 build/stm32h7xx_hal_uart.o
                0x08007e34                UARTPrescTable
 .rodata.denominator.0
                0x08007e4c        0x8 build/stm32h7xx_hal_uart_ex.o
 .rodata.numerator.1
                0x08007e54        0x8 build/stm32h7xx_hal_uart_ex.o
 .rodata.D1CorePrescTable
                0x08007e5c       0x10 build/system_stm32h7xx.o
                0x08007e5c                D1CorePrescTable
 .rodata.vTaskStartScheduler.str1.4
                0x08007e6c        0x5 build/tasks.o
 *fill*         0x08007e71        0x3 
 .rodata.prvCheckForValidListAndQueue.str1.4
                0x08007e74        0x5 build/timers.o
 *fill*         0x08007e79        0x3 
 .rodata.xTimerCreateTimerTask.str1.4
                0x08007e7c        0x8 build/timers.o
 .rodata._svfprintf_r.str1.1
                0x08007e84       0x11 c:/program files (x86)/gnu arm embedded toolchain/10 2021.07/bin/../lib/gcc/arm-none-eabi/10.3.1/../../../../arm-none-eabi/lib/thumb/v7e-m+dp/hard\libc_nano.a(lib_a-nano-svfprintf.o)
 .rodata._printf_i.str1.1
                0x08007e95       0x22 c:/program files (x86)/gnu arm embedded toolchain/10 2021.07/bin/../lib/gcc/arm-none-eabi/10.3.1/../../../../arm-none-eabi/lib/thumb/v7e-m+dp/hard\libc_nano.a(lib_a-nano-vfprintf_i.o)
 *fill*         0x08007eb7        0x1 
 .rodata.__sf_fake_stderr
                0x08007eb8       0x20 c:/program files (x86)/gnu arm embedded toolchain/10 2021.07/bin/../lib/gcc/arm-none-eabi/10.3.1/../../../../arm-none-eabi/lib/thumb/v7e-m+dp/hard\libc_nano.a(lib_a-findfp.o)
                0x08007eb8                __sf_fake_stderr
 .rodata.__sf_fake_stdin
                0x08007ed8       0x20 c:/program files (x86)/gnu arm embedded toolchain/10 2021.07/bin/../lib/gcc/arm-none-eabi/10.3.1/../../../../arm-none-eabi/lib/thumb/v7e-m+dp/hard\libc_nano.a(lib_a-findfp.o)
                0x08007ed8                __sf_fake_stdin
 .rodata.__sf_fake_stdout
                0x08007ef8       0x20 c:/program files (x86)/gnu arm embedded toolchain/10 2021.07/bin/../lib/gcc/arm-none-eabi/10.3.1/../../../../arm-none-eabi/lib/thumb/v7e-m+dp/hard\libc_nano.a(lib_a-findfp.o)
                0x08007ef8                __sf_fake_stdout
                0x08007f18                . = ALIGN (0x4)

.ARM.extab
 *(.ARM.extab* .gnu.linkonce.armextab.*)

.ARM            0x08007f18        0x8
                0x08007f18                __exidx_start = .
 *(.ARM.exidx*)
 .ARM.exidx     0x08007f18        0x8 c:/program files (x86)/gnu arm embedded toolchain/10 2021.07/bin/../lib/gcc/arm-none-eabi/10.3.1/thumb/v7e-m+dp/hard\libgcc.a(_udivmoddi4.o)
                0x08007f20                __exidx_end = .

.rel.dyn        0x08007f20        0x0
 .rel.iplt      0x08007f20        0x0 c:/program files (x86)/gnu arm embedded toolchain/10 2021.07/bin/../lib/gcc/arm-none-eabi/10.3.1/thumb/v7e-m+dp/hard/crtbegin.o

.preinit_array  0x08007f20        0x0
                0x08007f20                PROVIDE (__preinit_array_start = .)
 *(.preinit_array*)
                0x08007f20                PROVIDE (__preinit_array_end = .)

.init_array     0x08007f20        0x4
                0x08007f20                PROVIDE (__init_array_start = .)
 *(SORT_BY_NAME(.init_array.*))
 *(.init_array*)
 .init_array    0x08007f20        0x4 c:/program files (x86)/gnu arm embedded toolchain/10 2021.07/bin/../lib/gcc/arm-none-eabi/10.3.1/thumb/v7e-m+dp/hard/crtbegin.o
                0x08007f24                PROVIDE (__init_array_end = .)

.fini_array     0x08007f24        0x4
                [!provide]                PROVIDE (__fini_array_start = .)
 *(SORT_BY_NAME(.fini_array.*))
 *(.fini_array*)
 .fini_array    0x08007f24        0x4 c:/program files (x86)/gnu arm embedded toolchain/10 2021.07/bin/../lib/gcc/arm-none-eabi/10.3.1/thumb/v7e-m+dp/hard/crtbegin.o
                [!provide]                PROVIDE (__fini_array_end = .)
                0x08007f28                _sidata = LOADADDR (.data)

.data           0x20000000      0x1bc load address 0x08007f28
                0x20000000                . = ALIGN (0x4)
                0x20000000                _sdata = .
 *(.data)
 *(.data*)
 .data.motor    0x20000000       0x6c build/main.o
                0x20000000                motor
 .data.uwTickFreq
                0x2000006c        0x1 build/stm32h7xx_hal.o
                0x2000006c                uwTickFreq
 *fill*         0x2000006d        0x3 
 .data.uwTickPrio
                0x20000070        0x4 build/stm32h7xx_hal.o
                0x20000070                uwTickPrio
 .data.SystemCoreClock
                0x20000074        0x4 build/system_stm32h7xx.o
                0x20000074                SystemCoreClock
 .data.SystemD2Clock
                0x20000078        0x4 build/system_stm32h7xx.o
                0x20000078                SystemD2Clock
 .data.uxCriticalNesting
                0x2000007c        0x4 build/port.o
 .data.angle_pid
                0x20000080       0x6c build/motor.o
                0x20000080                angle_pid
 .data.speed_pid
                0x200000ec       0x6c build/motor.o
                0x200000ec                speed_pid
 .data._impure_ptr
                0x20000158        0x4 c:/program files (x86)/gnu arm embedded toolchain/10 2021.07/bin/../lib/gcc/arm-none-eabi/10.3.1/../../../../arm-none-eabi/lib/thumb/v7e-m+dp/hard\libc_nano.a(lib_a-impure.o)
                0x20000158                _impure_ptr
 .data.impure_data
                0x2000015c       0x60 c:/program files (x86)/gnu arm embedded toolchain/10 2021.07/bin/../lib/gcc/arm-none-eabi/10.3.1/../../../../arm-none-eabi/lib/thumb/v7e-m+dp/hard\libc_nano.a(lib_a-impure.o)
                0x200001bc                . = ALIGN (0x4)
                0x200001bc                _edata = .

.igot.plt       0x200001bc        0x0 load address 0x080080e4
 .igot.plt      0x200001bc        0x0 c:/program files (x86)/gnu arm embedded toolchain/10 2021.07/bin/../lib/gcc/arm-none-eabi/10.3.1/thumb/v7e-m+dp/hard/crtbegin.o
                0x200001bc                . = ALIGN (0x4)

.bss            0x200001bc     0x4e18 load address 0x080080e4
                0x200001bc                _sbss = .
                0x200001bc                __bss_start__ = _sbss
 *(.bss)
 .bss           0x200001bc       0x1c c:/program files (x86)/gnu arm embedded toolchain/10 2021.07/bin/../lib/gcc/arm-none-eabi/10.3.1/thumb/v7e-m+dp/hard/crtbegin.o
 *(.bss*)
 .bss.getBuffer
                0x200001d8        0x4 build/main.o
                0x200001d8                getBuffer
 .bss.printf_buff
                0x200001dc      0x100 build/main.o
 .bss.defaultTaskHandle
                0x200002dc        0x4 build/freertos.o
                0x200002dc                defaultTaskHandle
 .bss.myTaskAHandle
                0x200002e0        0x4 build/freertos.o
                0x200002e0                myTaskAHandle
 .bss.myTaskBHandle
                0x200002e4        0x4 build/freertos.o
                0x200002e4                myTaskBHandle
 .bss.myTaskCHandle
                0x200002e8        0x4 build/freertos.o
                0x200002e8                myTaskCHandle
 .bss.HAL_RCC_FDCAN_CLK_ENABLED
                0x200002ec        0x4 build/fdcan.o
 .bss.hfdcan1   0x200002f0       0xa0 build/fdcan.o
                0x200002f0                hfdcan1
 .bss.hfdcan2   0x20000390       0xa0 build/fdcan.o
                0x20000390                hfdcan2
 .bss.htim2     0x20000430       0x4c build/tim.o
                0x20000430                htim2
 .bss.htim3     0x2000047c       0x4c build/tim.o
                0x2000047c                htim3
 .bss.huart1    0x200004c8       0x90 build/usart.o
                0x200004c8                huart1
 .bss.huart6    0x20000558       0x90 build/usart.o
                0x20000558                huart6
 .bss.uwTick    0x200005e8        0x4 build/stm32h7xx_hal.o
                0x200005e8                uwTick
 .bss.xQueueRegistry
                0x200005ec       0x40 build/queue.o
                0x200005ec                xQueueRegistry
 .bss.pxCurrentTCB
                0x2000062c        0x4 build/tasks.o
                0x2000062c                pxCurrentTCB
 .bss.pxDelayedTaskList
                0x20000630        0x4 build/tasks.o
 .bss.pxOverflowDelayedTaskList
                0x20000634        0x4 build/tasks.o
 .bss.pxReadyTasksLists
                0x20000638      0x460 build/tasks.o
 .bss.uxCurrentNumberOfTasks
                0x20000a98        0x4 build/tasks.o
 .bss.uxDeletedTasksWaitingCleanUp
                0x20000a9c        0x4 build/tasks.o
 .bss.uxSchedulerSuspended
                0x20000aa0        0x4 build/tasks.o
 .bss.uxTaskNumber
                0x20000aa4        0x4 build/tasks.o
 .bss.uxTopReadyPriority
                0x20000aa8        0x4 build/tasks.o
 .bss.xDelayedTaskList1
                0x20000aac       0x14 build/tasks.o
 .bss.xDelayedTaskList2
                0x20000ac0       0x14 build/tasks.o
 .bss.xIdleTaskHandle
                0x20000ad4        0x4 build/tasks.o
 .bss.xNextTaskUnblockTime
                0x20000ad8        0x4 build/tasks.o
 .bss.xNumOfOverflows
                0x20000adc        0x4 build/tasks.o
 .bss.xPendedTicks
                0x20000ae0        0x4 build/tasks.o
 .bss.xPendingReadyList
                0x20000ae4       0x14 build/tasks.o
 .bss.xSchedulerRunning
                0x20000af8        0x4 build/tasks.o
 .bss.xSuspendedTaskList
                0x20000afc       0x14 build/tasks.o
 .bss.xTasksWaitingTermination
                0x20000b10       0x14 build/tasks.o
 .bss.xTickCount
                0x20000b24        0x4 build/tasks.o
 .bss.xYieldPending
                0x20000b28        0x4 build/tasks.o
 .bss.pxCurrentTimerList
                0x20000b2c        0x4 build/timers.o
 .bss.pxOverflowTimerList
                0x20000b30        0x4 build/timers.o
 .bss.ucStaticTimerQueueStorage.1
                0x20000b34       0xa0 build/timers.o
 .bss.xActiveTimerList1
                0x20000bd4       0x14 build/timers.o
 .bss.xActiveTimerList2
                0x20000be8       0x14 build/timers.o
 .bss.xLastTime.2
                0x20000bfc        0x4 build/timers.o
 .bss.xStaticTimerQueue.0
                0x20000c00       0x50 build/timers.o
 .bss.xTimerQueue
                0x20000c50        0x4 build/timers.o
 .bss.xTimerTaskHandle
                0x20000c54        0x4 build/timers.o
 .bss.Idle_Stack.2
                0x20000c58      0x200 build/cmsis_os2.o
 .bss.Idle_TCB.3
                0x20000e58       0x5c build/cmsis_os2.o
 .bss.KernelState
                0x20000eb4        0x4 build/cmsis_os2.o
 .bss.Timer_Stack.0
                0x20000eb8      0x400 build/cmsis_os2.o
 .bss.Timer_TCB.1
                0x200012b8       0x5c build/cmsis_os2.o
 .bss.pxEnd     0x20001314        0x4 build/heap_4.o
 .bss.ucHeap    0x20001318     0x3c00 build/heap_4.o
 .bss.xBlockAllocatedBit
                0x20004f18        0x4 build/heap_4.o
 .bss.xFreeBytesRemaining
                0x20004f1c        0x4 build/heap_4.o
 .bss.xMinimumEverFreeBytesRemaining
                0x20004f20        0x4 build/heap_4.o
 .bss.xNumberOfSuccessfulAllocations
                0x20004f24        0x4 build/heap_4.o
 .bss.xNumberOfSuccessfulFrees
                0x20004f28        0x4 build/heap_4.o
 .bss.xStart    0x20004f2c        0x8 build/heap_4.o
 .bss.ucMaxSysCallPriority
                0x20004f34        0x1 build/port.o
 *fill*         0x20004f35        0x3 
 .bss.ulMaxPRIGROUPValue
                0x20004f38        0x4 build/port.o
 .bss.chassis_can_send_data
                0x20004f3c        0x8 build/bsp_can.o
 .bss.chassis_tx_message
                0x20004f44       0x24 build/bsp_can.o
 .bss.i.0       0x20004f68        0x1 build/bsp_can.o
 *fill*         0x20004f69        0x3 
 .bss.motor_chassis
                0x20004f6c       0x54 build/bsp_can.o
 .bss.errno     0x20004fc0        0x4 c:/program files (x86)/gnu arm embedded toolchain/10 2021.07/bin/../lib/gcc/arm-none-eabi/10.3.1/../../../../arm-none-eabi/lib/thumb/v7e-m+dp/hard\libc_nano.a(lib_a-reent.o)
                0x20004fc0                errno
 .bss.__lock___malloc_recursive_mutex
                0x20004fc4        0x1 c:/program files (x86)/gnu arm embedded toolchain/10 2021.07/bin/../lib/gcc/arm-none-eabi/10.3.1/../../../../arm-none-eabi/lib/thumb/v7e-m+dp/hard\libc_nano.a(lib_a-lock.o)
                0x20004fc4                __lock___malloc_recursive_mutex
 *fill*         0x20004fc5        0x3 
 .bss.__malloc_free_list
                0x20004fc8        0x4 c:/program files (x86)/gnu arm embedded toolchain/10 2021.07/bin/../lib/gcc/arm-none-eabi/10.3.1/../../../../arm-none-eabi/lib/thumb/v7e-m+dp/hard\libc_nano.a(lib_a-nano-mallocr.o)
                0x20004fc8                __malloc_free_list
 .bss.__malloc_sbrk_start
                0x20004fcc        0x4 c:/program files (x86)/gnu arm embedded toolchain/10 2021.07/bin/../lib/gcc/arm-none-eabi/10.3.1/../../../../arm-none-eabi/lib/thumb/v7e-m+dp/hard\libc_nano.a(lib_a-nano-mallocr.o)
                0x20004fcc                __malloc_sbrk_start
 .bss.heap_end.0
                0x20004fd0        0x4 c:/program files (x86)/gnu arm embedded toolchain/10 2021.07/bin/../lib/gcc/arm-none-eabi/10.3.1/../../../../arm-none-eabi/lib/thumb/v7e-m+dp/hard\libnosys.a(sbrk.o)
 *(COMMON)
                0x20004fd4                . = ALIGN (0x4)
                0x20004fd4                _ebss = .
                0x20004fd4                __bss_end__ = _ebss

._user_heap_stack
                0x20004fd4      0x804 load address 0x080080e4
                0x20004fd8                . = ALIGN (0x8)
 *fill*         0x20004fd4        0x4 
                0x20004fd8                PROVIDE (end = .)
                [!provide]                PROVIDE (_end = .)
                0x200053d8                . = (. + _Min_Heap_Size)
 *fill*         0x20004fd8      0x400 
                0x200057d8                . = (. + _Min_Stack_Size)
 *fill*         0x200053d8      0x400 
                0x200057d8                . = ALIGN (0x8)

/DISCARD/
 libc.a(*)
 libm.a(*)
 libgcc.a(*)

.ARM.attributes
                0x00000000       0x2e
 *(.ARM.attributes)
 .ARM.attributes
                0x00000000       0x1e c:/program files (x86)/gnu arm embedded toolchain/10 2021.07/bin/../lib/gcc/arm-none-eabi/10.3.1/thumb/v7e-m+dp/hard/crti.o
 .ARM.attributes
                0x0000001e       0x32 c:/program files (x86)/gnu arm embedded toolchain/10 2021.07/bin/../lib/gcc/arm-none-eabi/10.3.1/thumb/v7e-m+dp/hard/crtbegin.o
 .ARM.attributes
                0x00000050       0x32 build/main.o
 .ARM.attributes
                0x00000082       0x32 build/gpio.o
 .ARM.attributes
                0x000000b4       0x32 build/freertos.o
 .ARM.attributes
                0x000000e6       0x32 build/fdcan.o
 .ARM.attributes
                0x00000118       0x32 build/tim.o
 .ARM.attributes
                0x0000014a       0x32 build/usart.o
 .ARM.attributes
                0x0000017c       0x32 build/stm32h7xx_it.o
 .ARM.attributes
                0x000001ae       0x32 build/stm32h7xx_hal_msp.o
 .ARM.attributes
                0x000001e0       0x32 build/stm32h7xx_hal_cortex.o
 .ARM.attributes
                0x00000212       0x32 build/stm32h7xx_hal_rcc.o
 .ARM.attributes
                0x00000244       0x32 build/stm32h7xx_hal_rcc_ex.o
 .ARM.attributes
                0x00000276       0x32 build/stm32h7xx_hal_gpio.o
 .ARM.attributes
                0x000002a8       0x32 build/stm32h7xx_hal_pwr_ex.o
 .ARM.attributes
                0x000002da       0x32 build/stm32h7xx_hal.o
 .ARM.attributes
                0x0000030c       0x32 build/stm32h7xx_hal_fdcan.o
 .ARM.attributes
                0x0000033e       0x32 build/stm32h7xx_hal_tim.o
 .ARM.attributes
                0x00000370       0x32 build/stm32h7xx_hal_tim_ex.o
 .ARM.attributes
                0x000003a2       0x32 build/stm32h7xx_hal_uart.o
 .ARM.attributes
                0x000003d4       0x32 build/stm32h7xx_hal_uart_ex.o
 .ARM.attributes
                0x00000406       0x32 build/system_stm32h7xx.o
 .ARM.attributes
                0x00000438       0x32 build/list.o
 .ARM.attributes
                0x0000046a       0x32 build/queue.o
 .ARM.attributes
                0x0000049c       0x32 build/tasks.o
 .ARM.attributes
                0x000004ce       0x32 build/timers.o
 .ARM.attributes
                0x00000500       0x32 build/cmsis_os2.o
 .ARM.attributes
                0x00000532       0x32 build/heap_4.o
 .ARM.attributes
                0x00000564       0x32 build/port.o
 .ARM.attributes
                0x00000596       0x32 build/bsp_can.o
 .ARM.attributes
                0x000005c8       0x32 build/motor.o
 .ARM.attributes
                0x000005fa       0x21 build/startup_stm32h743xx.o
 .ARM.attributes
                0x0000061b       0x30 c:/program files (x86)/gnu arm embedded toolchain/10 2021.07/bin/../lib/gcc/arm-none-eabi/10.3.1/../../../../arm-none-eabi/lib/thumb/v7e-m+dp/hard\libc_nano.a(lib_a-impure.o)
 .ARM.attributes
                0x0000064b       0x32 c:/program files (x86)/gnu arm embedded toolchain/10 2021.07/bin/../lib/gcc/arm-none-eabi/10.3.1/../../../../arm-none-eabi/lib/thumb/v7e-m+dp/hard\libc_nano.a(lib_a-init.o)
 .ARM.attributes
                0x0000067d       0x32 c:/program files (x86)/gnu arm embedded toolchain/10 2021.07/bin/../lib/gcc/arm-none-eabi/10.3.1/../../../../arm-none-eabi/lib/thumb/v7e-m+dp/hard\libc_nano.a(lib_a-memcpy-stub.o)
 .ARM.attributes
                0x000006af       0x32 c:/program files (x86)/gnu arm embedded toolchain/10 2021.07/bin/../lib/gcc/arm-none-eabi/10.3.1/../../../../arm-none-eabi/lib/thumb/v7e-m+dp/hard\libc_nano.a(lib_a-memset.o)
 .ARM.attributes
                0x000006e1       0x32 c:/program files (x86)/gnu arm embedded toolchain/10 2021.07/bin/../lib/gcc/arm-none-eabi/10.3.1/../../../../arm-none-eabi/lib/thumb/v7e-m+dp/hard\libc_nano.a(lib_a-vsprintf.o)
 .ARM.attributes
                0x00000713       0x32 c:/program files (x86)/gnu arm embedded toolchain/10 2021.07/bin/../lib/gcc/arm-none-eabi/10.3.1/../../../../arm-none-eabi/lib/thumb/v7e-m+dp/hard\libc_nano.a(lib_a-nano-svfprintf.o)
 .ARM.attributes
                0x00000745       0x32 c:/program files (x86)/gnu arm embedded toolchain/10 2021.07/bin/../lib/gcc/arm-none-eabi/10.3.1/../../../../arm-none-eabi/lib/thumb/v7e-m+dp/hard\libc_nano.a(lib_a-nano-vfprintf_i.o)
 .ARM.attributes
                0x00000777       0x32 c:/program files (x86)/gnu arm embedded toolchain/10 2021.07/bin/../lib/gcc/arm-none-eabi/10.3.1/../../../../arm-none-eabi/lib/thumb/v7e-m+dp/hard\libc_nano.a(lib_a-reent.o)
 .ARM.attributes
                0x000007a9       0x32 c:/program files (x86)/gnu arm embedded toolchain/10 2021.07/bin/../lib/gcc/arm-none-eabi/10.3.1/../../../../arm-none-eabi/lib/thumb/v7e-m+dp/hard\libc_nano.a(lib_a-findfp.o)
 .ARM.attributes
                0x000007db       0x32 c:/program files (x86)/gnu arm embedded toolchain/10 2021.07/bin/../lib/gcc/arm-none-eabi/10.3.1/../../../../arm-none-eabi/lib/thumb/v7e-m+dp/hard\libc_nano.a(lib_a-lock.o)
 .ARM.attributes
                0x0000080d       0x1c c:/program files (x86)/gnu arm embedded toolchain/10 2021.07/bin/../lib/gcc/arm-none-eabi/10.3.1/../../../../arm-none-eabi/lib/thumb/v7e-m+dp/hard\libc_nano.a(lib_a-memchr.o)
 .ARM.attributes
                0x00000829       0x32 c:/program files (x86)/gnu arm embedded toolchain/10 2021.07/bin/../lib/gcc/arm-none-eabi/10.3.1/../../../../arm-none-eabi/lib/thumb/v7e-m+dp/hard\libc_nano.a(lib_a-memmove.o)
 .ARM.attributes
                0x0000085b       0x32 c:/program files (x86)/gnu arm embedded toolchain/10 2021.07/bin/../lib/gcc/arm-none-eabi/10.3.1/../../../../arm-none-eabi/lib/thumb/v7e-m+dp/hard\libc_nano.a(lib_a-nano-freer.o)
 .ARM.attributes
                0x0000088d       0x32 c:/program files (x86)/gnu arm embedded toolchain/10 2021.07/bin/../lib/gcc/arm-none-eabi/10.3.1/../../../../arm-none-eabi/lib/thumb/v7e-m+dp/hard\libc_nano.a(lib_a-nano-mallocr.o)
 .ARM.attributes
                0x000008bf       0x32 c:/program files (x86)/gnu arm embedded toolchain/10 2021.07/bin/../lib/gcc/arm-none-eabi/10.3.1/../../../../arm-none-eabi/lib/thumb/v7e-m+dp/hard\libc_nano.a(lib_a-nano-reallocr.o)
 .ARM.attributes
                0x000008f1       0x32 c:/program files (x86)/gnu arm embedded toolchain/10 2021.07/bin/../lib/gcc/arm-none-eabi/10.3.1/../../../../arm-none-eabi/lib/thumb/v7e-m+dp/hard\libc_nano.a(lib_a-sbrkr.o)
 .ARM.attributes
                0x00000923       0x32 c:/program files (x86)/gnu arm embedded toolchain/10 2021.07/bin/../lib/gcc/arm-none-eabi/10.3.1/../../../../arm-none-eabi/lib/thumb/v7e-m+dp/hard\libc_nano.a(lib_a-mlock.o)
 .ARM.attributes
                0x00000955       0x32 c:/program files (x86)/gnu arm embedded toolchain/10 2021.07/bin/../lib/gcc/arm-none-eabi/10.3.1/../../../../arm-none-eabi/lib/thumb/v7e-m+dp/hard\libc_nano.a(lib_a-nano-msizer.o)
 .ARM.attributes
                0x00000987       0x32 c:/program files (x86)/gnu arm embedded toolchain/10 2021.07/bin/../lib/gcc/arm-none-eabi/10.3.1/../../../../arm-none-eabi/lib/thumb/v7e-m+dp/hard\libnosys.a(sbrk.o)
 .ARM.attributes
                0x000009b9       0x34 Drivers/CMSIS/DSP/Lib/GCC\libarm_cortexM7lfsp_math.a(arm_pid_init_f32.o)
 .ARM.attributes
                0x000009ed       0x1e c:/program files (x86)/gnu arm embedded toolchain/10 2021.07/bin/../lib/gcc/arm-none-eabi/10.3.1/thumb/v7e-m+dp/hard\libgcc.a(_aeabi_uldivmod.o)
 .ARM.attributes
                0x00000a0b       0x32 c:/program files (x86)/gnu arm embedded toolchain/10 2021.07/bin/../lib/gcc/arm-none-eabi/10.3.1/thumb/v7e-m+dp/hard\libgcc.a(_udivmoddi4.o)
 .ARM.attributes
                0x00000a3d       0x1e c:/program files (x86)/gnu arm embedded toolchain/10 2021.07/bin/../lib/gcc/arm-none-eabi/10.3.1/thumb/v7e-m+dp/hard\libgcc.a(_dvmd_tls.o)
 .ARM.attributes
                0x00000a5b       0x1e c:/program files (x86)/gnu arm embedded toolchain/10 2021.07/bin/../lib/gcc/arm-none-eabi/10.3.1/thumb/v7e-m+dp/hard/crtn.o
OUTPUT(build/Steering_Wheel_Chassis.elf elf32-littlearm)
LOAD linker stubs
LOAD c:/program files (x86)/gnu arm embedded toolchain/10 2021.07/bin/../lib/gcc/arm-none-eabi/10.3.1/../../../../arm-none-eabi/lib/thumb/v7e-m+dp/hard\libc.a
LOAD c:/program files (x86)/gnu arm embedded toolchain/10 2021.07/bin/../lib/gcc/arm-none-eabi/10.3.1/../../../../arm-none-eabi/lib/thumb/v7e-m+dp/hard\libm.a
LOAD c:/program files (x86)/gnu arm embedded toolchain/10 2021.07/bin/../lib/gcc/arm-none-eabi/10.3.1/thumb/v7e-m+dp/hard\libgcc.a

.debug_info     0x00000000    0x3340b
 .debug_info    0x00000000     0x2199 build/main.o
 .debug_info    0x00002199      0x771 build/gpio.o
 .debug_info    0x0000290a      0x4d6 build/freertos.o
 .debug_info    0x00002de0     0x197c build/fdcan.o
 .debug_info    0x0000475c     0x13da build/tim.o
 .debug_info    0x00005b36     0x14dc build/usart.o
 .debug_info    0x00007012     0x128f build/stm32h7xx_it.o
 .debug_info    0x000082a1      0x8fb build/stm32h7xx_hal_msp.o
 .debug_info    0x00008b9c     0x1507 build/stm32h7xx_hal_cortex.o
 .debug_info    0x0000a0a3     0x13ce build/stm32h7xx_hal_rcc.o
 .debug_info    0x0000b471     0x1c06 build/stm32h7xx_hal_rcc_ex.o
 .debug_info    0x0000d077      0xee1 build/stm32h7xx_hal_gpio.o
 .debug_info    0x0000df58     0x13f3 build/stm32h7xx_hal_pwr_ex.o
 .debug_info    0x0000f34b     0x18de build/stm32h7xx_hal.o
 .debug_info    0x00010c29     0x37bc build/stm32h7xx_hal_fdcan.o
 .debug_info    0x000143e5     0x42f8 build/stm32h7xx_hal_tim.o
 .debug_info    0x000186dd     0x2018 build/stm32h7xx_hal_tim_ex.o
 .debug_info    0x0001a6f5     0x67f7 build/stm32h7xx_hal_uart.o
 .debug_info    0x00020eec     0x1333 build/stm32h7xx_hal_uart_ex.o
 .debug_info    0x0002221f      0xeb5 build/system_stm32h7xx.o
 .debug_info    0x000230d4      0x30f build/list.o
 .debug_info    0x000233e3     0x2965 build/queue.o
 .debug_info    0x00025d48     0x333f build/tasks.o
 .debug_info    0x00029087     0x1bd3 build/timers.o
 .debug_info    0x0002ac5a     0x5182 build/cmsis_os2.o
 .debug_info    0x0002fddc      0x61a build/heap_4.o
 .debug_info    0x000303f6      0x5c8 build/port.o
 .debug_info    0x000309be     0x176c build/bsp_can.o
 .debug_info    0x0003212a      0x78b build/motor.o
 .debug_info    0x000328b5       0x22 build/startup_stm32h743xx.o
 .debug_info    0x000328d7      0xb34 Drivers/CMSIS/DSP/Lib/GCC\libarm_cortexM7lfsp_math.a(arm_pid_init_f32.o)

.debug_abbrev   0x00000000     0x4ac7
 .debug_abbrev  0x00000000      0x2ff build/main.o
 .debug_abbrev  0x000002ff      0x174 build/gpio.o
 .debug_abbrev  0x00000473      0x137 build/freertos.o
 .debug_abbrev  0x000005aa      0x1d9 build/fdcan.o
 .debug_abbrev  0x00000783      0x1f1 build/tim.o
 .debug_abbrev  0x00000974      0x1ff build/usart.o
 .debug_abbrev  0x00000b73      0x19f build/stm32h7xx_it.o
 .debug_abbrev  0x00000d12      0x11c build/stm32h7xx_hal_msp.o
 .debug_abbrev  0x00000e2e      0x395 build/stm32h7xx_hal_cortex.o
 .debug_abbrev  0x000011c3      0x27d build/stm32h7xx_hal_rcc.o
 .debug_abbrev  0x00001440      0x286 build/stm32h7xx_hal_rcc_ex.o
 .debug_abbrev  0x000016c6      0x253 build/stm32h7xx_hal_gpio.o
 .debug_abbrev  0x00001919      0x2b6 build/stm32h7xx_hal_pwr_ex.o
 .debug_abbrev  0x00001bcf      0x261 build/stm32h7xx_hal.o
 .debug_abbrev  0x00001e30      0x2d6 build/stm32h7xx_hal_fdcan.o
 .debug_abbrev  0x00002106      0x282 build/stm32h7xx_hal_tim.o
 .debug_abbrev  0x00002388      0x298 build/stm32h7xx_hal_tim_ex.o
 .debug_abbrev  0x00002620      0x363 build/stm32h7xx_hal_uart.o
 .debug_abbrev  0x00002983      0x308 build/stm32h7xx_hal_uart_ex.o
 .debug_abbrev  0x00002c8b      0x12a build/system_stm32h7xx.o
 .debug_abbrev  0x00002db5      0x124 build/list.o
 .debug_abbrev  0x00002ed9      0x3c4 build/queue.o
 .debug_abbrev  0x0000329d      0x387 build/tasks.o
 .debug_abbrev  0x00003624      0x366 build/timers.o
 .debug_abbrev  0x0000398a      0x53d build/cmsis_os2.o
 .debug_abbrev  0x00003ec7      0x269 build/heap_4.o
 .debug_abbrev  0x00004130      0x28a build/port.o
 .debug_abbrev  0x000043ba      0x297 build/bsp_can.o
 .debug_abbrev  0x00004651      0x26c build/motor.o
 .debug_abbrev  0x000048bd       0x12 build/startup_stm32h743xx.o
 .debug_abbrev  0x000048cf      0x1f8 Drivers/CMSIS/DSP/Lib/GCC\libarm_cortexM7lfsp_math.a(arm_pid_init_f32.o)

.debug_loc      0x00000000    0x24c2c
 .debug_loc     0x00000000      0x170 build/main.o
 .debug_loc     0x00000170       0x38 build/gpio.o
 .debug_loc     0x000001a8       0x74 build/freertos.o
 .debug_loc     0x0000021c      0x17e build/fdcan.o
 .debug_loc     0x0000039a      0x1aa build/tim.o
 .debug_loc     0x00000544      0x127 build/usart.o
 .debug_loc     0x0000066b       0xa0 build/stm32h7xx_it.o
 .debug_loc     0x0000070b       0x38 build/stm32h7xx_hal_msp.o
 .debug_loc     0x00000743      0x786 build/stm32h7xx_hal_cortex.o
 .debug_loc     0x00000ec9      0xa9b build/stm32h7xx_hal_rcc.o
 .debug_loc     0x00001964     0x1bd8 build/stm32h7xx_hal_rcc_ex.o
 .debug_loc     0x0000353c      0x482 build/stm32h7xx_hal_gpio.o
 .debug_loc     0x000039be      0x65b build/stm32h7xx_hal_pwr_ex.o
 .debug_loc     0x00004019      0x526 build/stm32h7xx_hal.o
 .debug_loc     0x0000453f     0x3a15 build/stm32h7xx_hal_fdcan.o
 .debug_loc     0x00007f54     0x6227 build/stm32h7xx_hal_tim.o
 .debug_loc     0x0000e17b     0x2a63 build/stm32h7xx_hal_tim_ex.o
 .debug_loc     0x00010bde     0x63db build/stm32h7xx_hal_uart.o
 .debug_loc     0x00016fb9      0xdfc build/stm32h7xx_hal_uart_ex.o
 .debug_loc     0x00017db5      0x1d8 build/system_stm32h7xx.o
 .debug_loc     0x00017f8d       0xe5 build/list.o
 .debug_loc     0x00018072     0x1fa3 build/queue.o
 .debug_loc     0x0001a015     0x2c5f build/tasks.o
 .debug_loc     0x0001cc74     0x156d build/timers.o
 .debug_loc     0x0001e1e1     0x5c20 build/cmsis_os2.o
 .debug_loc     0x00023e01      0x4e4 build/heap_4.o
 .debug_loc     0x000242e5      0x1c0 build/port.o
 .debug_loc     0x000244a5      0x3ca build/bsp_can.o
 .debug_loc     0x0002486f      0x3bd build/motor.o

.debug_aranges  0x00000000     0x1be0
 .debug_aranges
                0x00000000       0x48 build/main.o
 .debug_aranges
                0x00000048       0x20 build/gpio.o
 .debug_aranges
                0x00000068       0x40 build/freertos.o
 .debug_aranges
                0x000000a8       0x38 build/fdcan.o
 .debug_aranges
                0x000000e0       0x38 build/tim.o
 .debug_aranges
                0x00000118       0x38 build/usart.o
 .debug_aranges
                0x00000150       0x70 build/stm32h7xx_it.o
 .debug_aranges
                0x000001c0       0x20 build/stm32h7xx_hal_msp.o
 .debug_aranges
                0x000001e0       0xb0 build/stm32h7xx_hal_cortex.o
 .debug_aranges
                0x00000290       0x88 build/stm32h7xx_hal_rcc.o
 .debug_aranges
                0x00000318       0xf8 build/stm32h7xx_hal_rcc_ex.o
 .debug_aranges
                0x00000410       0x58 build/stm32h7xx_hal_gpio.o
 .debug_aranges
                0x00000468      0x158 build/stm32h7xx_hal_pwr_ex.o
 .debug_aranges
                0x000005c0      0x198 build/stm32h7xx_hal.o
 .debug_aranges
                0x00000758      0x338 build/stm32h7xx_hal_fdcan.o
 .debug_aranges
                0x00000a90      0x3e0 build/stm32h7xx_hal_tim.o
 .debug_aranges
                0x00000e70      0x188 build/stm32h7xx_hal_tim_ex.o
 .debug_aranges
                0x00000ff8      0x248 build/stm32h7xx_hal_uart.o
 .debug_aranges
                0x00001240       0xa0 build/stm32h7xx_hal_uart_ex.o
 .debug_aranges
                0x000012e0       0x28 build/system_stm32h7xx.o
 .debug_aranges
                0x00001308       0x40 build/list.o
 .debug_aranges
                0x00001348      0x158 build/queue.o
 .debug_aranges
                0x000014a0      0x208 build/tasks.o
 .debug_aranges
                0x000016a8       0xf0 build/timers.o
 .debug_aranges
                0x00001798      0x298 build/cmsis_os2.o
 .debug_aranges
                0x00001a30       0x58 build/heap_4.o
 .debug_aranges
                0x00001a88       0x80 build/port.o
 .debug_aranges
                0x00001b08       0x40 build/bsp_can.o
 .debug_aranges
                0x00001b48       0x50 build/motor.o
 .debug_aranges
                0x00001b98       0x28 build/startup_stm32h743xx.o
 .debug_aranges
                0x00001bc0       0x20 Drivers/CMSIS/DSP/Lib/GCC\libarm_cortexM7lfsp_math.a(arm_pid_init_f32.o)

.debug_ranges   0x00000000     0x1db0
 .debug_ranges  0x00000000       0x38 build/main.o
 .debug_ranges  0x00000038       0x10 build/gpio.o
 .debug_ranges  0x00000048       0x30 build/freertos.o
 .debug_ranges  0x00000078       0x28 build/fdcan.o
 .debug_ranges  0x000000a0       0x28 build/tim.o
 .debug_ranges  0x000000c8       0x28 build/usart.o
 .debug_ranges  0x000000f0       0x60 build/stm32h7xx_it.o
 .debug_ranges  0x00000150       0x10 build/stm32h7xx_hal_msp.o
 .debug_ranges  0x00000160      0x100 build/stm32h7xx_hal_cortex.o
 .debug_ranges  0x00000260       0xe8 build/stm32h7xx_hal_rcc.o
 .debug_ranges  0x00000348       0xe8 build/stm32h7xx_hal_rcc_ex.o
 .debug_ranges  0x00000430       0x48 build/stm32h7xx_hal_gpio.o
 .debug_ranges  0x00000478      0x1a8 build/stm32h7xx_hal_pwr_ex.o
 .debug_ranges  0x00000620      0x188 build/stm32h7xx_hal.o
 .debug_ranges  0x000007a8      0x370 build/stm32h7xx_hal_fdcan.o
 .debug_ranges  0x00000b18      0x3d0 build/stm32h7xx_hal_tim.o
 .debug_ranges  0x00000ee8      0x178 build/stm32h7xx_hal_tim_ex.o
 .debug_ranges  0x00001060      0x238 build/stm32h7xx_hal_uart.o
 .debug_ranges  0x00001298       0x90 build/stm32h7xx_hal_uart_ex.o
 .debug_ranges  0x00001328       0x18 build/system_stm32h7xx.o
 .debug_ranges  0x00001340       0x30 build/list.o
 .debug_ranges  0x00001370      0x200 build/queue.o
 .debug_ranges  0x00001570      0x338 build/tasks.o
 .debug_ranges  0x000018a8       0xe0 build/timers.o
 .debug_ranges  0x00001988      0x2a0 build/cmsis_os2.o
 .debug_ranges  0x00001c28       0x48 build/heap_4.o
 .debug_ranges  0x00001c70       0x88 build/port.o
 .debug_ranges  0x00001cf8       0x48 build/bsp_can.o
 .debug_ranges  0x00001d40       0x40 build/motor.o
 .debug_ranges  0x00001d80       0x20 build/startup_stm32h743xx.o
 .debug_ranges  0x00001da0       0x10 Drivers/CMSIS/DSP/Lib/GCC\libarm_cortexM7lfsp_math.a(arm_pid_init_f32.o)

.debug_line     0x00000000    0x23152
 .debug_line    0x00000000      0x605 build/main.o
 .debug_line    0x00000605      0x1d6 build/gpio.o
 .debug_line    0x000007db      0x228 build/freertos.o
 .debug_line    0x00000a03      0x65b build/fdcan.o
 .debug_line    0x0000105e      0x3b4 build/tim.o
 .debug_line    0x00001412      0x496 build/usart.o
 .debug_line    0x000018a8      0x3e7 build/stm32h7xx_it.o
 .debug_line    0x00001c8f      0x1a5 build/stm32h7xx_hal_msp.o
 .debug_line    0x00001e34      0x79b build/stm32h7xx_hal_cortex.o
 .debug_line    0x000025cf     0x1224 build/stm32h7xx_hal_rcc.o
 .debug_line    0x000037f3     0x1db4 build/stm32h7xx_hal_rcc_ex.o
 .debug_line    0x000055a7      0x6c7 build/stm32h7xx_hal_gpio.o
 .debug_line    0x00005c6e      0xa90 build/stm32h7xx_hal_pwr_ex.o
 .debug_line    0x000066fe      0x8d0 build/stm32h7xx_hal.o
 .debug_line    0x00006fce     0x325e build/stm32h7xx_hal_fdcan.o
 .debug_line    0x0000a22c     0x5032 build/stm32h7xx_hal_tim.o
 .debug_line    0x0000f25e     0x1f39 build/stm32h7xx_hal_tim_ex.o
 .debug_line    0x00011197     0x6602 build/stm32h7xx_hal_uart.o
 .debug_line    0x00017799      0xcef build/stm32h7xx_hal_uart_ex.o
 .debug_line    0x00018488      0x45d build/system_stm32h7xx.o
 .debug_line    0x000188e5      0x36d build/list.o
 .debug_line    0x00018c52     0x2053 build/queue.o
 .debug_line    0x0001aca5     0x2db7 build/tasks.o
 .debug_line    0x0001da5c      0xf30 build/timers.o
 .debug_line    0x0001e98c     0x2967 build/cmsis_os2.o
 .debug_line    0x000212f3      0x750 build/heap_4.o
 .debug_line    0x00021a43      0x71e build/port.o
 .debug_line    0x00022161      0x778 build/bsp_can.o
 .debug_line    0x000228d9      0x580 build/motor.o
 .debug_line    0x00022e59       0x76 build/startup_stm32h743xx.o
 .debug_line    0x00022ecf      0x283 Drivers/CMSIS/DSP/Lib/GCC\libarm_cortexM7lfsp_math.a(arm_pid_init_f32.o)

.debug_str      0x00000000     0xb452
 .debug_str     0x00000000     0x12f6 build/main.o
                               0x144e (size before relaxing)
 .debug_str     0x000012f6      0x291 build/gpio.o
                                0x491 (size before relaxing)
 .debug_str     0x00001587      0x54e build/freertos.o
                                0x6ec (size before relaxing)
 .debug_str     0x00001ad5      0xc0a build/fdcan.o
                               0x15b6 (size before relaxing)
 .debug_str     0x000026df      0x13f build/tim.o
                               0x13f8 (size before relaxing)
 .debug_str     0x0000281e       0xac build/usart.o
                                0xe3b (size before relaxing)
 .debug_str     0x000028ca      0x138 build/stm32h7xx_it.o
                                0xdc1 (size before relaxing)
 .debug_str     0x00002a02       0x29 build/stm32h7xx_hal_msp.o
                                0xc12 (size before relaxing)
 .debug_str     0x00002a2b      0x575 build/stm32h7xx_hal_cortex.o
                               0x1036 (size before relaxing)
 .debug_str     0x00002fa0      0x394 build/stm32h7xx_hal_rcc.o
                                0xa08 (size before relaxing)
 .debug_str     0x00003334      0x66b build/stm32h7xx_hal_rcc_ex.o
                                0xeea (size before relaxing)
 .debug_str     0x0000399f       0xf7 build/stm32h7xx_hal_gpio.o
                                0x6c2 (size before relaxing)
 .debug_str     0x00003a96      0x54a build/stm32h7xx_hal_pwr_ex.o
                                0xa37 (size before relaxing)
 .debug_str     0x00003fe0      0x625 build/stm32h7xx_hal.o
                               0x149e (size before relaxing)
 .debug_str     0x00004605     0x14f8 build/stm32h7xx_hal_fdcan.o
                               0x1d68 (size before relaxing)
 .debug_str     0x00005afd      0xe56 build/stm32h7xx_hal_tim.o
                               0x1811 (size before relaxing)
 .debug_str     0x00006953      0x61e build/stm32h7xx_hal_tim_ex.o
                               0x112e (size before relaxing)
 .debug_str     0x00006f71      0x8e4 build/stm32h7xx_hal_uart.o
                               0x1479 (size before relaxing)
 .debug_str     0x00007855      0x225 build/stm32h7xx_hal_uart_ex.o
                                0xb48 (size before relaxing)
 .debug_str     0x00007a7a       0x3d build/system_stm32h7xx.o
                                0x71d (size before relaxing)
 .debug_str     0x00007ab7      0x14d build/list.o
                                0x2ee (size before relaxing)
 .debug_str     0x00007c04      0xa02 build/queue.o
                                0xd04 (size before relaxing)
 .debug_str     0x00008606      0xc95 build/tasks.o
                               0x12d3 (size before relaxing)
 .debug_str     0x0000929b      0x5cf build/timers.o
                                0xc34 (size before relaxing)
 .debug_str     0x0000986a      0xc13 build/cmsis_os2.o
                               0x2527 (size before relaxing)
 .debug_str     0x0000a47d      0x2bf build/heap_4.o
                                0x4fc (size before relaxing)
 .debug_str     0x0000a73c      0x17d build/port.o
                                0x46e (size before relaxing)
 .debug_str     0x0000a8b9      0x557 build/bsp_can.o
                                0xf0c (size before relaxing)
 .debug_str     0x0000ae10       0xaf build/motor.o
                                0x354 (size before relaxing)
 .debug_str     0x0000aebf       0x24 build/startup_stm32h743xx.o
                                 0x56 (size before relaxing)
 .debug_str     0x0000aee3      0x56f Drivers/CMSIS/DSP/Lib/GCC\libarm_cortexM7lfsp_math.a(arm_pid_init_f32.o)
                                0x684 (size before relaxing)

.comment        0x00000000       0xbe
 .comment       0x00000000       0x49 build/main.o
                                 0x4a (size before relaxing)
 .comment       0x00000049       0x4a build/gpio.o
 .comment       0x00000049       0x4a build/freertos.o
 .comment       0x00000049       0x4a build/fdcan.o
 .comment       0x00000049       0x4a build/tim.o
 .comment       0x00000049       0x4a build/usart.o
 .comment       0x00000049       0x4a build/stm32h7xx_it.o
 .comment       0x00000049       0x4a build/stm32h7xx_hal_msp.o
 .comment       0x00000049       0x4a build/stm32h7xx_hal_cortex.o
 .comment       0x00000049       0x4a build/stm32h7xx_hal_rcc.o
 .comment       0x00000049       0x4a build/stm32h7xx_hal_rcc_ex.o
 .comment       0x00000049       0x4a build/stm32h7xx_hal_gpio.o
 .comment       0x00000049       0x4a build/stm32h7xx_hal_pwr_ex.o
 .comment       0x00000049       0x4a build/stm32h7xx_hal.o
 .comment       0x00000049       0x4a build/stm32h7xx_hal_fdcan.o
 .comment       0x00000049       0x4a build/stm32h7xx_hal_tim.o
 .comment       0x00000049       0x4a build/stm32h7xx_hal_tim_ex.o
 .comment       0x00000049       0x4a build/stm32h7xx_hal_uart.o
 .comment       0x00000049       0x4a build/stm32h7xx_hal_uart_ex.o
 .comment       0x00000049       0x4a build/system_stm32h7xx.o
 .comment       0x00000049       0x4a build/list.o
 .comment       0x00000049       0x4a build/queue.o
 .comment       0x00000049       0x4a build/tasks.o
 .comment       0x00000049       0x4a build/timers.o
 .comment       0x00000049       0x4a build/cmsis_os2.o
 .comment       0x00000049       0x4a build/heap_4.o
 .comment       0x00000049       0x4a build/port.o
 .comment       0x00000049       0x4a build/bsp_can.o
 .comment       0x00000049       0x4a build/motor.o
 .comment       0x00000049       0x75 Drivers/CMSIS/DSP/Lib/GCC\libarm_cortexM7lfsp_math.a(arm_pid_init_f32.o)
                                 0x76 (size before relaxing)

.debug_frame    0x00000000     0x510c
 .debug_frame   0x00000000       0xbc build/main.o
 .debug_frame   0x000000bc       0x30 build/gpio.o
 .debug_frame   0x000000ec       0x68 build/freertos.o
 .debug_frame   0x00000154       0x84 build/fdcan.o
 .debug_frame   0x000001d8       0x88 build/tim.o
 .debug_frame   0x00000260       0x7c build/usart.o
 .debug_frame   0x000002dc       0xe8 build/stm32h7xx_it.o
 .debug_frame   0x000003c4       0x2c build/stm32h7xx_hal_msp.o
 .debug_frame   0x000003f0      0x158 build/stm32h7xx_hal_cortex.o
 .debug_frame   0x00000548      0x18c build/stm32h7xx_hal_rcc.o
 .debug_frame   0x000006d4      0x26c build/stm32h7xx_hal_rcc_ex.o
 .debug_frame   0x00000940       0xd4 build/stm32h7xx_hal_gpio.o
 .debug_frame   0x00000a14      0x2f4 build/stm32h7xx_hal_pwr_ex.o
 .debug_frame   0x00000d08      0x360 build/stm32h7xx_hal.o
 .debug_frame   0x00001068      0x7a8 build/stm32h7xx_hal_fdcan.o
 .debug_frame   0x00001810      0xb6c build/stm32h7xx_hal_tim.o
 .debug_frame   0x0000237c      0x480 build/stm32h7xx_hal_tim_ex.o
 .debug_frame   0x000027fc      0x688 build/stm32h7xx_hal_uart.o
 .debug_frame   0x00002e84      0x1c8 build/stm32h7xx_hal_uart_ex.o
 .debug_frame   0x0000304c       0x3c build/system_stm32h7xx.o
 .debug_frame   0x00003088       0x70 build/list.o
 .debug_frame   0x000030f8      0x458 build/queue.o
 .debug_frame   0x00003550      0x688 build/tasks.o
 .debug_frame   0x00003bd8      0x30c build/timers.o
 .debug_frame   0x00003ee4      0x8e8 build/cmsis_os2.o
 .debug_frame   0x000047cc       0xd0 build/heap_4.o
 .debug_frame   0x0000489c      0x110 build/port.o
 .debug_frame   0x000049ac       0xa0 build/bsp_can.o
 .debug_frame   0x00004a4c       0xc4 build/motor.o